../LoRa/Src/lora.c:83:13:lora_port_xfer	32	static
../LoRa/Src/lora.c:87:17:lora_port_tick	8	static
../LoRa/Src/lora.c:88:13:lora_port_delay	16	static
../LoRa/Src/lora.c:89:13:lora_port_nss	16	static
../LoRa/Src/lora.c:93:13:lora_port_reset	16	static
../LoRa/Src/lora.c:102:16:read_reg	24	static
../LoRa/Src/lora.c:111:13:write_reg	24	static
../LoRa/Src/lora.c:120:13:fifo_burst	32	static
../LoRa/Src/lora.c:137:13:explicit_header_mode	8	static
../LoRa/Src/lora.c:143:13:implicit_header_mode	8	static
../LoRa/Src/lora.c:155:17:get_signal_bandwidth	16	static
../LoRa/Src/lora.c:161:12:get_spreading_factor	8	static
../LoRa/Src/lora.c:166:13:set_ldo_bit	24	static
../LoRa/Src/lora.c:174:13:update_ldo	16	static
../LoRa/Src/lora.c:184:5:lora_begin	24	static
../LoRa/Src/lora.c:219:6:lora_end	8	static
../LoRa/Src/lora.c:224:6:lora_idle	8	static
../LoRa/Src/lora.c:229:6:lora_sleep	8	static
../LoRa/Src/lora.c:236:12:is_transmitting	8	static
../LoRa/Src/lora.c:245:5:lora_begin_packet	16	static
../LoRa/Src/lora.c:260:5:lora_write	24	static
../LoRa/Src/lora.c:272:5:lora_end_packet	24	static
../LoRa/Src/lora.c:293:5:lora_send	16	static
../LoRa/Src/lora.c:303:5:lora_parse_packet	24	static
../LoRa/Src/lora.c:332:5:lora_available	4	static
../LoRa/Src/lora.c:337:5:lora_read	8	static
../LoRa/Src/lora.c:345:5:lora_read_bytes	24	static
../LoRa/Src/lora.c:355:5:lora_peek	16	static
../LoRa/Src/lora.c:365:6:lora_receive	16	static
../LoRa/Src/lora.c:379:6:lora_cad	8	static
../LoRa/Src/lora.c:385:6:lora_on_receive	16	static
../LoRa/Src/lora.c:386:6:lora_on_tx_done	16	static
../LoRa/Src/lora.c:387:6:lora_on_cad_done	16	static
../LoRa/Src/lora.c:389:6:lora_handle_dio0	16	static
../LoRa/Src/lora.c:414:12:rssi_offset	4	static
../LoRa/Src/lora.c:419:5:lora_packet_rssi	16	static
../LoRa/Src/lora.c:420:5:lora_rssi	16	static
../LoRa/Src/lora.c:422:7:lora_packet_snr	8	static
../LoRa/Src/lora.c:427:6:lora_packet_frequency_error	64	static
../LoRa/Src/lora.c:443:6:lora_set_frequency	32	static
../LoRa/Src/lora.c:453:6:lora_set_tx_power	16	static
../LoRa/Src/lora.c:475:6:lora_set_spreading_factor	16	static
../LoRa/Src/lora.c:492:6:lora_set_signal_bandwidth	24	static
../LoRa/Src/lora.c:502:6:lora_set_coding_rate4	16	static
../LoRa/Src/lora.c:511:6:lora_set_preamble_length	16	static
../LoRa/Src/lora.c:517:6:lora_set_sync_word	16	static
../LoRa/Src/lora.c:522:6:lora_set_crc	24	static
../LoRa/Src/lora.c:528:6:lora_set_invert_iq	16	static
../LoRa/Src/lora.c:534:6:lora_set_ldo	16	static
../LoRa/Src/lora.c:539:6:lora_set_ocp	24	static
../LoRa/Src/lora.c:549:6:lora_set_gain	16	static
../LoRa/Src/lora.c:564:9:lora_random	8	static
../LoRa/Src/lora.c:569:6:lora_dump_registers	24	static
