Archive member included to satisfy reference by file (symbol)

C:/ST/STM32CubeIDE_2.1.0/STM32CubeIDE/plugins/com.st.stm32cube.ide.mcu.externaltools.gnu-tools-for-stm32.14.3.rel1.win32_1.0.100.202602081740/tools/bin/../lib/gcc/arm-none-eabi/14.3.1/../../../../arm-none-eabi/lib/thumb/v7e-m+fp/hard\libm.a(libm_a-wf_pow.o)
                              CMakeFiles/CV_solido_2026.dir/Core/Src/bmp280.c.obj (powf)
C:/ST/STM32CubeIDE_2.1.0/STM32CubeIDE/plugins/com.st.stm32cube.ide.mcu.externaltools.gnu-tools-for-stm32.14.3.rel1.win32_1.0.100.202602081740/tools/bin/../lib/gcc/arm-none-eabi/14.3.1/../../../../arm-none-eabi/lib/thumb/v7e-m+fp/hard\libm.a(libm_a-sf_finite.o)
                              C:/ST/STM32CubeIDE_2.1.0/STM32CubeIDE/plugins/com.st.stm32cube.ide.mcu.externaltools.gnu-tools-for-stm32.14.3.rel1.win32_1.0.100.202602081740/tools/bin/../lib/gcc/arm-none-eabi/14.3.1/../../../../arm-none-eabi/lib/thumb/v7e-m+fp/hard\libm.a(libm_a-wf_pow.o) (finitef)
C:/ST/STM32CubeIDE_2.1.0/STM32CubeIDE/plugins/com.st.stm32cube.ide.mcu.externaltools.gnu-tools-for-stm32.14.3.rel1.win32_1.0.100.202602081740/tools/bin/../lib/gcc/arm-none-eabi/14.3.1/../../../../arm-none-eabi/lib/thumb/v7e-m+fp/hard\libm.a(libm_a-ef_pow.o)
                              C:/ST/STM32CubeIDE_2.1.0/STM32CubeIDE/plugins/com.st.stm32cube.ide.mcu.externaltools.gnu-tools-for-stm32.14.3.rel1.win32_1.0.100.202602081740/tools/bin/../lib/gcc/arm-none-eabi/14.3.1/../../../../arm-none-eabi/lib/thumb/v7e-m+fp/hard\libm.a(libm_a-wf_pow.o) (__ieee754_powf)
C:/ST/STM32CubeIDE_2.1.0/STM32CubeIDE/plugins/com.st.stm32cube.ide.mcu.externaltools.gnu-tools-for-stm32.14.3.rel1.win32_1.0.100.202602081740/tools/bin/../lib/gcc/arm-none-eabi/14.3.1/../../../../arm-none-eabi/lib/thumb/v7e-m+fp/hard\libm.a(libm_a-sf_fabs.o)
                              C:/ST/STM32CubeIDE_2.1.0/STM32CubeIDE/plugins/com.st.stm32cube.ide.mcu.externaltools.gnu-tools-for-stm32.14.3.rel1.win32_1.0.100.202602081740/tools/bin/../lib/gcc/arm-none-eabi/14.3.1/../../../../arm-none-eabi/lib/thumb/v7e-m+fp/hard\libm.a(libm_a-ef_pow.o) (fabsf)
C:/ST/STM32CubeIDE_2.1.0/STM32CubeIDE/plugins/com.st.stm32cube.ide.mcu.externaltools.gnu-tools-for-stm32.14.3.rel1.win32_1.0.100.202602081740/tools/bin/../lib/gcc/arm-none-eabi/14.3.1/../../../../arm-none-eabi/lib/thumb/v7e-m+fp/hard\libm.a(libm_a-sf_scalbn.o)
                              C:/ST/STM32CubeIDE_2.1.0/STM32CubeIDE/plugins/com.st.stm32cube.ide.mcu.externaltools.gnu-tools-for-stm32.14.3.rel1.win32_1.0.100.202602081740/tools/bin/../lib/gcc/arm-none-eabi/14.3.1/../../../../arm-none-eabi/lib/thumb/v7e-m+fp/hard\libm.a(libm_a-ef_pow.o) (scalbnf)
C:/ST/STM32CubeIDE_2.1.0/STM32CubeIDE/plugins/com.st.stm32cube.ide.mcu.externaltools.gnu-tools-for-stm32.14.3.rel1.win32_1.0.100.202602081740/tools/bin/../lib/gcc/arm-none-eabi/14.3.1/../../../../arm-none-eabi/lib/thumb/v7e-m+fp/hard\libm.a(libm_a-math_errf.o)
                              C:/ST/STM32CubeIDE_2.1.0/STM32CubeIDE/plugins/com.st.stm32cube.ide.mcu.externaltools.gnu-tools-for-stm32.14.3.rel1.win32_1.0.100.202602081740/tools/bin/../lib/gcc/arm-none-eabi/14.3.1/../../../../arm-none-eabi/lib/thumb/v7e-m+fp/hard\libm.a(libm_a-ef_pow.o) (__math_uflowf)
C:/ST/STM32CubeIDE_2.1.0/STM32CubeIDE/plugins/com.st.stm32cube.ide.mcu.externaltools.gnu-tools-for-stm32.14.3.rel1.win32_1.0.100.202602081740/tools/bin/../lib/gcc/arm-none-eabi/14.3.1/../../../../arm-none-eabi/lib/thumb/v7e-m+fp/hard\libm.a(libm_a-ef_sqrt.o)
                              C:/ST/STM32CubeIDE_2.1.0/STM32CubeIDE/plugins/com.st.stm32cube.ide.mcu.externaltools.gnu-tools-for-stm32.14.3.rel1.win32_1.0.100.202602081740/tools/bin/../lib/gcc/arm-none-eabi/14.3.1/../../../../arm-none-eabi/lib/thumb/v7e-m+fp/hard\libm.a(libm_a-ef_pow.o) (__ieee754_sqrtf)
C:/ST/STM32CubeIDE_2.1.0/STM32CubeIDE/plugins/com.st.stm32cube.ide.mcu.externaltools.gnu-tools-for-stm32.14.3.rel1.win32_1.0.100.202602081740/tools/bin/../lib/gcc/arm-none-eabi/14.3.1/thumb/v7e-m+fp/hard\libgcc.a(_aeabi_ldivmod.o)
                              CMakeFiles/CV_solido_2026.dir/Core/Src/bmp280.c.obj (__aeabi_ldivmod)
C:/ST/STM32CubeIDE_2.1.0/STM32CubeIDE/plugins/com.st.stm32cube.ide.mcu.externaltools.gnu-tools-for-stm32.14.3.rel1.win32_1.0.100.202602081740/tools/bin/../lib/gcc/arm-none-eabi/14.3.1/thumb/v7e-m+fp/hard\libgcc.a(_aeabi_uldivmod.o)
                              cmake/stm32cubemx/CMakeFiles/STM32_Drivers.dir/__/__/Drivers/STM32F4xx_HAL_Driver/Src/stm32f4xx_hal_rcc.c.obj (__aeabi_uldivmod)
C:/ST/STM32CubeIDE_2.1.0/STM32CubeIDE/plugins/com.st.stm32cube.ide.mcu.externaltools.gnu-tools-for-stm32.14.3.rel1.win32_1.0.100.202602081740/tools/bin/../lib/gcc/arm-none-eabi/14.3.1/thumb/v7e-m+fp/hard\libgcc.a(_udivmoddi4.o)
[...]
Memory Configuration

Name             Origin             Length             Attributes
RAM              0x20000000         0x00020000         xrw
CCMRAM           0x10000000         0x00010000         xrw
FLASH            0x08000000         0x00100000         xr
*default*        0x00000000         0xffffffff

Linker script and memory map

LOAD C:/ST/STM32CubeIDE_2.1.0/STM32CubeIDE/plugins/com.st.stm32cube.ide.mcu.externaltools.gnu-tools-for-stm32.14.3.rel1.win32_1.0.100.202602081740/tools/bin/../lib/gcc/arm-none-eabi/14.3.1/thumb/v7e-m+fp/hard/crti.o
LOAD C:/ST/STM32CubeIDE_2.1.0/STM32CubeIDE/plugins/com.st.stm32cube.ide.mcu.externaltools.gnu-tools-for-stm32.14.3.rel1.win32_1.0.100.202602081740/tools/bin/../lib/gcc/arm-none-eabi/14.3.1/thumb/v7e-m+fp/hard/crtbegin.o
LOAD C:/ST/STM32CubeIDE_2.1.0/STM32CubeIDE/plugins/com.st.stm32cube.ide.mcu.externaltools.gnu-tools-for-stm32.14.3.rel1.win32_1.0.100.202602081740/tools/bin/../lib/gcc/arm-none-eabi/14.3.1/../../../../arm-none-eabi/lib/thumb/v7e-m+fp/hard/crt0.o
LOAD cmake/stm32cubemx/CMakeFiles/STM32_Drivers.dir/__/__/Core/Src/system_stm32f4xx.c.obj
LOAD cmake/stm32cubemx/CMakeFiles/STM32_Drivers.dir/__/__/Drivers/STM32F4xx_HAL_Driver/Src/stm32f4xx_hal_adc.c.obj
LOAD cmake/stm32cubemx/CMakeFiles/STM32_Drivers.dir/__/__/Drivers/STM32F4xx_HAL_Driver/Src/stm32f4xx_hal_adc_ex.c.obj
LOAD cmake/stm32cubemx/CMakeFiles/STM32_Drivers.dir/__/__/Drivers/STM32F4xx_HAL_Driver/Src/stm32f4xx_hal_rcc.c.obj
LOAD cmake/stm32cubemx/CMakeFiles/STM32_Drivers.dir/__/__/Drivers/STM32F4xx_HAL_Driver/Src/stm32f4xx_hal_rcc_ex.c.obj
LOAD cmake/stm32cubemx/CMakeFiles/STM32_Drivers.dir/__/__/Drivers/STM32F4xx_HAL_Driver/Src/stm32f4xx_hal_flash.c.obj
LOAD cmake/stm32cubemx/CMakeFiles/STM32_Drivers.dir/__/__/Drivers/STM32F4xx_HAL_Driver/Src/stm32f4xx_hal_flash_ex.c.obj
LOAD cmake/stm32cubemx/CMakeFiles/STM32_Drivers.dir/__/__/Drivers/STM32F4xx_HAL_Driver/Src/stm32f4xx_hal_flash_ramfunc.c.obj
LOAD cmake/stm32cubemx/CMakeFiles/STM32_Drivers.dir/__/__/Drivers/STM32F4xx_HAL_Driver/Src/stm32f4xx_hal_gpio.c.obj
LOAD cmake/stm32cubemx/CMakeFiles/STM32_Drivers.dir/__/__/Drivers/STM32F4xx_HAL_Driver/Src/stm32f4xx_hal_dma_ex.c.obj
LOAD cmake/stm32cubemx/CMakeFiles/STM32_Drivers.dir/__/__/Drivers/STM32F4xx_HAL_Driver/Src/stm32f4xx_hal_dma.c.obj
LOAD cmake/stm32cubemx/CMakeFiles/STM32_Drivers.dir/__/__/Drivers/STM32F4xx_HAL_Driver/Src/stm32f4xx_hal_pwr.c.obj
LOAD cmake/stm32cubemx/CMakeFiles/STM32_Drivers.dir/__/__/Drivers/STM32F4xx_HAL_Driver/Src/stm32f4xx_hal_pwr_ex.c.obj
LOAD cmake/stm32cubemx/CMakeFiles/STM32_Drivers.dir/__/__/Drivers/STM32F4xx_HAL_Driver/Src/stm32f4xx_hal_cortex.c.obj
LOAD cmake/stm32cubemx/CMakeFiles/STM32_Drivers.dir/__/__/Drivers/STM32F4xx_HAL_Driver/Src/stm32f4xx_hal.c.obj
LOAD cmake/stm32cubemx/CMakeFiles/STM32_Drivers.dir/__/__/Drivers/STM32F4xx_HAL_Driver/Src/stm32f4xx_hal_exti.c.obj
LOAD cmake/stm32cubemx/CMakeFiles/STM32_Drivers.dir/__/__/Drivers/STM32F4xx_HAL_Driver/Src/stm32f4xx_hal_can.c.obj
LOAD cmake/stm32cubemx/CMakeFiles/STM32_Drivers.dir/__/__/Drivers/STM32F4xx_HAL_Driver/Src/stm32f4xx_hal_i2c.c.obj
LOAD cmake/stm32cubemx/CMakeFiles/STM32_Drivers.dir/__/__/Drivers/STM32F4xx_HAL_Driver/Src/stm32f4xx_hal_i2c_ex.c.obj
LOAD cmake/stm32cubemx/CMakeFiles/STM32_Drivers.dir/__/__/Drivers/STM32F4xx_HAL_Driver/Src/stm32f4xx_hal_spi.c.obj
LOAD cmake/stm32cubemx/CMakeFiles/STM32_Drivers.dir/__/__/Drivers/STM32F4xx_HAL_Driver/Src/stm32f4xx_hal_uart.c.obj
LOAD CMakeFiles/CV_solido_2026.dir/Core/Src/main.c.obj
LOAD CMakeFiles/CV_solido_2026.dir/Core/Src/stm32f4xx_it.c.obj
LOAD CMakeFiles/CV_solido_2026.dir/Core/Src/stm32f4xx_hal_msp.c.obj
LOAD CMakeFiles/CV_solido_2026.dir/Core/Src/sysmem.c.obj
LOAD CMakeFiles/CV_solido_2026.dir/Core/Src/syscalls.c.obj
LOAD CMakeFiles/CV_solido_2026.dir/startup_stm32f405xx.s.obj
LOAD CMakeFiles/CV_solido_2026.dir/Core/Src/bmp280.c.obj
LOAD C:/ST/STM32CubeIDE_2.1.0/STM32CubeIDE/plugins/com.st.stm32cube.ide.mcu.externaltools.gnu-tools-for-stm32.14.3.rel1.win32_1.0.100.202602081740/tools/bin/../lib/gcc/arm-none-eabi/14.3.1/../../../../arm-none-eabi/lib/thumb/v7e-m+fp/hard\libm.a
START GROUP
LOAD C:/ST/STM32CubeIDE_2.1.0/STM32CubeIDE/plugins/com.st.stm32cube.ide.mcu.externaltools.gnu-tools-for-stm32.14.3.rel1.win32_1.0.100.202602081740/tools/bin/../lib/gcc/arm-none-eabi/14.3.1/thumb/v7e-m+fp/hard\libgcc.a
LOAD C:/ST/STM32CubeIDE_2.1.0/STM32CubeIDE/plugins/com.st.stm32cube.ide.mcu.externaltools.gnu-tools-for-stm32.14.3.rel1.win32_1.0.100.202602081740/tools/bin/../lib/gcc/arm-none-eabi/14.3.1/../../../../arm-none-eabi/lib/thumb/v7e-m+fp/hard\libg_nano.a
LOAD C:/ST/STM32CubeIDE_2.1.0/STM32CubeIDE/plugins/com.st.stm32cube.ide.mcu.externaltools.gnu-tools-for-stm32.14.3.rel1.win32_1.0.100.202602081740/tools/bin/../lib/gcc/arm-none-eabi/14.3.1/../../../../arm-none-eabi/lib/thumb/v7e-m+fp/hard\libc_nano.a
END GROUP
START GROUP
LOAD C:/ST/STM32CubeIDE_2.1.0/STM32CubeIDE/plugins/com.st.stm32cube.ide.mcu.externaltools.gnu-tools-for-stm32.14.3.rel1.win32_1.0.100.202602081740/tools/bin/../lib/gcc/arm-none-eabi/14.3.1/thumb/v7e-m+fp/hard\libgcc.a
LOAD C:/ST/STM32CubeIDE_2.1.0/STM32CubeIDE/plugins/com.st.stm32cube.ide.mcu.externaltools.gnu-tools-for-stm32.14.3.rel1.win32_1.0.100.202602081740/tools/bin/../lib/gcc/arm-none-eabi/14.3.1/../../../../arm-none-eabi/lib/thumb/v7e-m+fp/hard\libc_nano.a
END GROUP
LOAD C:/ST/STM32CubeIDE_2.1.0/STM32CubeIDE/plugins/com.st.stm32cube.ide.mcu.externaltools.gnu-tools-for-stm32.14.3.rel1.win32_1.0.100.202602081740/tools/bin/../lib/gcc/arm-none-eabi/14.3.1/thumb/v7e-m+fp/hard/crtend.o
LOAD C:/ST/STM32CubeIDE_2.1.0/STM32CubeIDE/plugins/com.st.stm32cube.ide.mcu.externaltools.gnu-tools-for-stm32.14.3.rel1.win32_1.0.100.202602081740/tools/bin/../lib/gcc/arm-none-eabi/14.3.1/thumb/v7e-m+fp/hard/crtn.o
                0x20020000                        _estack = (ORIGIN (RAM) + LENGTH (RAM))
                0x00000200                        _Min_Heap_Size = 0x200
                0x00000400                        _Min_Stack_Size = 0x400

.isr_vector     0x08000000      0x188
                0x08000000                        . = ALIGN (0x4)
 *(.isr_vector)
 .isr_vector    0x08000000      0x188 CMakeFiles/CV_solido_2026.dir/startup_stm32f405xx.s.obj
                0x08000000                g_pfnVectors
                0x08000188                        . = ALIGN (0x4)

.text           0x08000188     0x7204
                0x08000188                        . = ALIGN (0x4)
 *(.text)
 .text          0x08000188       0x40 C:/ST/STM32CubeIDE_2.1.0/STM32CubeIDE/plugins/com.st.stm32cube.ide.mcu.externaltools.gnu-tools-for-stm32.14.3.rel1.win32_1.0.100.202602081740/tools/bin/../lib/gcc/arm-none-eabi/14.3.1/thumb/v7e-m+fp/hard/crtbegin.o
 .text          0x080001c8       0xa0 C:/ST/STM32CubeIDE_2.1.0/STM32CubeIDE/plugins/com.st.stm32cube.ide.mcu.externaltools.gnu-tools-for-stm32.14.3.rel1.win32_1.0.100.202602081740/tools/bin/../lib/gcc/arm-none-eabi/14.3.1/thumb/v7e-m+fp/hard\libgcc.a(_aeabi_ldivmod.o)
                0x080001c8                __aeabi_ldivmod
 .text          0x08000268       0x30 C:/ST/STM32CubeIDE_2.1.0/STM32CubeIDE/plugins/com.st.stm32cube.ide.mcu.externaltools.gnu-tools-for-stm32.14.3.rel1.win32_1.0.100.202602081740/tools/bin/../lib/gcc/arm-none-eabi/14.3.1/thumb/v7e-m+fp/hard\libgcc.a(_aeabi_uldivmod.o)
                0x08000268                __aeabi_uldivmod
 .text          0x08000298      0x2f8 C:/ST/STM32CubeIDE_2.1.0/STM32CubeIDE/plugins/com.st.stm32cube.ide.mcu.externaltools.gnu-tools-for-stm32.14.3.rel1.win32_1.0.100.202602081740/tools/bin/../lib/gcc/arm-none-eabi/14.3.1/thumb/v7e-m+fp/hard\libgcc.a(_udivmoddi4.o)
                0x08000298                __udivmoddi4
 .text          0x08000590        0x4 C:/ST/STM32CubeIDE_2.1.0/STM32CubeIDE/plugins/com.st.stm32cube.ide.mcu.externaltools.gnu-tools-for-stm32.14.3.rel1.win32_1.0.100.202602081740/tools/bin/../lib/gcc/arm-none-eabi/14.3.1/thumb/v7e-m+fp/hard\libgcc.a(_dvmd_tls.o)
                0x08000590                __aeabi_idiv0
                0x08000590                __aeabi_ldiv0
 *(.text*)
 .text.SystemInit
                0x08000594       0x24 cmake/stm32cubemx/CMakeFiles/STM32_Drivers.dir/__/__/Core/Src/system_stm32f4xx.c.obj
                0x08000594                SystemInit
 .text.HAL_ADC_Init
                0x080005b8       0x86 cmake/stm32cubemx/CMakeFiles/STM32_Drivers.dir/__/__/Drivers/STM32F4xx_HAL_Driver/Src/stm32f4xx_hal_adc.c.obj
                0x080005b8                HAL_ADC_Init
 *fill*         0x0800063e        0x2 
 .text.HAL_ADC_ConfigChannel
                0x08000640      0x244 cmake/stm32cubemx/CMakeFiles/STM32_Drivers.dir/__/__/Drivers/STM32F4xx_HAL_Driver/Src/stm32f4xx_hal_adc.c.obj
                0x08000640                HAL_ADC_ConfigChannel
 .text.ADC_Init
                0x08000884      0x1f8 cmake/stm32cubemx/CMakeFiles/STM32_Drivers.dir/__/__/Drivers/STM32F4xx_HAL_Driver/Src/stm32f4xx_hal_adc.c.obj
 .text.HAL_RCC_OscConfig
                0x08000a7c      0x4f0 cmake/stm32cubemx/CMakeFiles/STM32_Drivers.dir/__/__/Drivers/STM32F4xx_HAL_Driver/Src/stm32f4xx_hal_rcc.c.obj
                0x08000a7c                HAL_RCC_OscConfig
 .text.HAL_RCC_ClockConfig
                0x08000f6c      0x1cc cmake/stm32cubemx/CMakeFiles/STM32_Drivers.dir/__/__/Drivers/STM32F4xx_HAL_Driver/Src/stm32f4xx_hal_rcc.c.obj
                0x08000f6c                HAL_RCC_ClockConfig
 .text.HAL_RCC_GetSysClockFreq
                0x08001138      0x208 cmake/stm32cubemx/CMakeFiles/STM32_Drivers.dir/__/__/Drivers/STM32F4xx_HAL_Driver/Src/stm32f4xx_hal_rcc.c.obj
                0x08001138                HAL_RCC_GetSysClockFreq
 .text.HAL_RCC_GetHCLKFreq
                0x08001340       0x18 cmake/stm32cubemx/CMakeFiles/STM32_Drivers.dir/__/__/Drivers/STM32F4xx_HAL_Driver/Src/stm32f4xx_hal_rcc.c.obj
                0x08001340                HAL_RCC_GetHCLKFreq
 .text.HAL_RCC_GetPCLK1Freq
                0x08001358       0x28 cmake/stm32cubemx/CMakeFiles/STM32_Drivers.dir/__/__/Drivers/STM32F4xx_HAL_Driver/Src/stm32f4xx_hal_rcc.c.obj
                0x08001358                HAL_RCC_GetPCLK1Freq
 .text.HAL_RCC_GetPCLK2Freq
                0x08001380       0x28 cmake/stm32cubemx/CMakeFiles/STM32_Drivers.dir/__/__/Drivers/STM32F4xx_HAL_Driver/Src/stm32f4xx_hal_rcc.c.obj
                0x08001380                HAL_RCC_GetPCLK2Freq
 .text.HAL_GPIO_Init
                0x080013a8      0x338 cmake/stm32cubemx/CMakeFiles/STM32_Drivers.dir/__/__/Drivers/STM32F4xx_HAL_Driver/Src/stm32f4xx_hal_gpio.c.obj
                0x080013a8                HAL_GPIO_Init
 .text.HAL_GPIO_DeInit
                0x080016e0      0x1f8 cmake/stm32cubemx/CMakeFiles/STM32_Drivers.dir/__/__/Drivers/STM32F4xx_HAL_Driver/Src/stm32f4xx_hal_gpio.c.obj
                0x080016e0                HAL_GPIO_DeInit
 .text.HAL_GPIO_ReadPin
                0x080018d8       0x30 cmake/stm32cubemx/CMakeFiles/STM32_Drivers.dir/__/__/Drivers/STM32F4xx_HAL_Driver/Src/stm32f4xx_hal_gpio.c.obj
                0x080018d8                HAL_GPIO_ReadPin
 .text.HAL_GPIO_WritePin
                0x08001908       0x32 cmake/stm32cubemx/CMakeFiles/STM32_Drivers.dir/__/__/Drivers/STM32F4xx_HAL_Driver/Src/stm32f4xx_hal_gpio.c.obj
                0x08001908                HAL_GPIO_WritePin
 *fill*         0x0800193a        0x2 
 .text.HAL_GPIO_EXTI_IRQHandler
                0x0800193c       0x30 cmake/stm32cubemx/CMakeFiles/STM32_Drivers.dir/__/__/Drivers/STM32F4xx_HAL_Driver/Src/stm32f4xx_hal_gpio.c.obj
                0x0800193c                HAL_GPIO_EXTI_IRQHandler
 .text.HAL_GPIO_EXTI_Callback
                0x0800196c       0x16 cmake/stm32cubemx/CMakeFiles/STM32_Drivers.dir/__/__/Drivers/STM32F4xx_HAL_Driver/Src/stm32f4xx_hal_gpio.c.obj
                0x0800196c                HAL_GPIO_EXTI_Callback
 *fill*         0x08001982        0x2 
 .text.__NVIC_SetPriorityGrouping
                0x08001984       0x48 cmake/stm32cubemx/CMakeFiles/STM32_Drivers.dir/__/__/Drivers/STM32F4xx_HAL_Driver/Src/stm32f4xx_hal_cortex.c.obj
 .text.__NVIC_GetPriorityGrouping
                0x080019cc       0x1c cmake/stm32cubemx/CMakeFiles/STM32_Drivers.dir/__/__/Drivers/STM32F4xx_HAL_Driver/Src/stm32f4xx_hal_cortex.c.obj
 .text.__NVIC_EnableIRQ
                0x080019e8       0x3c cmake/stm32cubemx/CMakeFiles/STM32_Drivers.dir/__/__/Drivers/STM32F4xx_HAL_Driver/Src/stm32f4xx_hal_cortex.c.obj
 .text.__NVIC_SetPriority
                0x08001a24       0x54 cmake/stm32cubemx/CMakeFiles/STM32_Drivers.dir/__/__/Drivers/STM32F4xx_HAL_Driver/Src/stm32f4xx_hal_cortex.c.obj
 .text.NVIC_EncodePriority
                0x08001a78       0x66 cmake/stm32cubemx/CMakeFiles/STM32_Drivers.dir/__/__/Drivers/STM32F4xx_HAL_Driver/Src/stm32f4xx_hal_cortex.c.obj
 *fill*         0x08001ade        0x2 
 .text.SysTick_Config
                0x08001ae0       0x44 cmake/stm32cubemx/CMakeFiles/STM32_Drivers.dir/__/__/Drivers/STM32F4xx_HAL_Driver/Src/stm32f4xx_hal_cortex.c.obj
 .text.HAL_NVIC_SetPriorityGrouping
                0x08001b24       0x16 cmake/stm32cubemx/CMakeFiles/STM32_Drivers.dir/__/__/Drivers/STM32F4xx_HAL_Driver/Src/stm32f4xx_hal_cortex.c.obj
                0x08001b24                HAL_NVIC_SetPriorityGrouping
 .text.HAL_NVIC_SetPriority
                0x08001b3a       0x38 cmake/stm32cubemx/CMakeFiles/STM32_Drivers.dir/__/__/Drivers/STM32F4xx_HAL_Driver/Src/stm32f4xx_hal_cortex.c.obj
                0x08001b3a                HAL_NVIC_SetPriority
 .text.HAL_NVIC_EnableIRQ
                0x08001b72       0x1c cmake/stm32cubemx/CMakeFiles/STM32_Drivers.dir/__/__/Drivers/STM32F4xx_HAL_Driver/Src/stm32f4xx_hal_cortex.c.obj
                0x08001b72                HAL_NVIC_EnableIRQ
 .text.HAL_SYSTICK_Config
                0x08001b8e       0x18 cmake/stm32cubemx/CMakeFiles/STM32_Drivers.dir/__/__/Drivers/STM32F4xx_HAL_Driver/Src/stm32f4xx_hal_cortex.c.obj
                0x08001b8e                HAL_SYSTICK_Config
 *fill*         0x08001ba6        0x2 
 .text.HAL_Init
                0x08001ba8       0x44 cmake/stm32cubemx/CMakeFiles/STM32_Drivers.dir/__/__/Drivers/STM32F4xx_HAL_Driver/Src/stm32f4xx_hal.c.obj
                0x08001ba8                HAL_Init
 .text.HAL_InitTick
                0x08001bec       0x60 cmake/stm32cubemx/CMakeFiles/STM32_Drivers.dir/__/__/Drivers/STM32F4xx_HAL_Driver/Src/stm32f4xx_hal.c.obj
                0x08001bec                HAL_InitTick
 .text.HAL_IncTick
                0x08001c4c       0x28 cmake/stm32cubemx/CMakeFiles/STM32_Drivers.dir/__/__/Drivers/STM32F4xx_HAL_Driver/Src/stm32f4xx_hal.c.obj
                0x08001c4c                HAL_IncTick
 .text.HAL_GetTick
                0x08001c74       0x18 cmake/stm32cubemx/CMakeFiles/STM32_Drivers.dir/__/__/Drivers/STM32F4xx_HAL_Driver/Src/stm32f4xx_hal.c.obj
                0x08001c74                HAL_GetTick
 .text.HAL_Delay
                0x08001c8c       0x48 cmake/stm32cubemx/CMakeFiles/STM32_Drivers.dir/__/__/Drivers/STM32F4xx_HAL_Driver/Src/stm32f4xx_hal.c.obj
                0x08001c8c                HAL_Delay
 .text.HAL_CAN_Init
                0x08001cd4      0x1f6 cmake/stm32cubemx/CMakeFiles/STM32_Drivers.dir/__/__/Drivers/STM32F4xx_HAL_Driver/Src/stm32f4xx_hal_can.c.obj
                0x08001cd4                HAL_CAN_Init
 *fill*         0x08001eca        0x2 
 .text.HAL_I2C_Init
                0x08001ecc      0x288 cmake/stm32cubemx/CMakeFiles/STM32_Drivers.dir/__/__/Drivers/STM32F4xx_HAL_Driver/Src/stm32f4xx_hal_i2c.c.obj
                0x08001ecc                HAL_I2C_Init
 .text.HAL_I2C_DeInit
                0x08002154       0x5e cmake/stm32cubemx/CMakeFiles/STM32_Drivers.dir/__/__/Drivers/STM32F4xx_HAL_Driver/Src/stm32f4xx_hal_i2c.c.obj
                0x08002154                HAL_I2C_DeInit
 *fill*         0x080021b2        0x2 
 .text.HAL_I2C_Mem_Write
                0x080021b4      0x1f4 cmake/stm32cubemx/CMakeFiles/STM32_Drivers.dir/__/__/Drivers/STM32F4xx_HAL_Driver/Src/stm32f4xx_hal_i2c.c.obj
                0x080021b4                HAL_I2C_Mem_Write
 .text.HAL_I2C_Mem_Read
                0x080023a8      0x464 cmake/stm32cubemx/CMakeFiles/STM32_Drivers.dir/__/__/Drivers/STM32F4xx_HAL_Driver/Src/stm32f4xx_hal_i2c.c.obj
                0x080023a8                HAL_I2C_Mem_Read
 .text.I2C_RequestMemoryWrite
                0x0800280c      0x12c cmake/stm32cubemx/CMakeFiles/STM32_Drivers.dir/__/__/Drivers/STM32F4xx_HAL_Driver/Src/stm32f4xx_hal_i2c.c.obj
 .text.I2C_RequestMemoryRead
                0x08002938      0x1d0 cmake/stm32cubemx/CMakeFiles/STM32_Drivers.dir/__/__/Drivers/STM32F4xx_HAL_Driver/Src/stm32f4xx_hal_i2c.c.obj
 .text.I2C_WaitOnFlagUntilTimeout
                0x08002b08       0xf4 cmake/stm32cubemx/CMakeFiles/STM32_Drivers.dir/__/__/Drivers/STM32F4xx_HAL_Driver/Src/stm32f4xx_hal_i2c.c.obj
 .text.I2C_WaitOnMasterAddressFlagUntilTimeout
                0x08002bfc      0x140 cmake/stm32cubemx/CMakeFiles/STM32_Drivers.dir/__/__/Drivers/STM32F4xx_HAL_Driver/Src/stm32f4xx_hal_i2c.c.obj
 .text.I2C_WaitOnTXEFlagUntilTimeout
                0x08002d3c       0x90 cmake/stm32cubemx/CMakeFiles/STM32_Drivers.dir/__/__/Drivers/STM32F4xx_HAL_Driver/Src/stm32f4xx_hal_i2c.c.obj
 .text.I2C_WaitOnBTFFlagUntilTimeout
                0x08002dcc       0x90 cmake/stm32cubemx/CMakeFiles/STM32_Drivers.dir/__/__/Drivers/STM32F4xx_HAL_Driver/Src/stm32f4xx_hal_i2c.c.obj
 .text.I2C_WaitOnRXNEFlagUntilTimeout
                0x08002e5c       0xba cmake/stm32cubemx/CMakeFiles/STM32_Drivers.dir/__/__/Drivers/STM32F4xx_HAL_Driver/Src/stm32f4xx_hal_i2c.c.obj
 .text.I2C_IsAcknowledgeFailed
                0x08002f16       0x5e cmake/stm32cubemx/CMakeFiles/STM32_Drivers.dir/__/__/Drivers/STM32F4xx_HAL_Driver/Src/stm32f4xx_hal_i2c.c.obj
 .text.HAL_SPI_Init
                0x08002f74      0x112 cmake/stm32cubemx/CMakeFiles/STM32_Drivers.dir/__/__/Drivers/STM32F4xx_HAL_Driver/Src/stm32f4xx_hal_spi.c.obj
                0x08002f74                HAL_SPI_Init
 .text.HAL_SPI_Transmit
                0x08003086      0x288 cmake/stm32cubemx/CMakeFiles/STM32_Drivers.dir/__/__/Drivers/STM32F4xx_HAL_Driver/Src/stm32f4xx_hal_spi.c.obj
                0x08003086                HAL_SPI_Transmit
 .text.HAL_SPI_Receive
                0x0800330e      0x232 cmake/stm32cubemx/CMakeFiles/STM32_Drivers.dir/__/__/Drivers/STM32F4xx_HAL_Driver/Src/stm32f4xx_hal_spi.c.obj
                0x0800330e                HAL_SPI_Receive
 .text.HAL_SPI_TransmitReceive
                0x08003540      0x352 cmake/stm32cubemx/CMakeFiles/STM32_Drivers.dir/__/__/Drivers/STM32F4xx_HAL_Driver/Src/stm32f4xx_hal_spi.c.obj
                0x08003540                HAL_SPI_TransmitReceive
 *fill*         0x08003892        0x2 
 .text.SPI_WaitFlagStateUntilTimeout
                0x08003894      0x110 cmake/stm32cubemx/CMakeFiles/STM32_Drivers.dir/__/__/Drivers/STM32F4xx_HAL_Driver/Src/stm32f4xx_hal_spi.c.obj
 .text.SPI_EndRxTransaction
                0x080039a4       0xca cmake/stm32cubemx/CMakeFiles/STM32_Drivers.dir/__/__/Drivers/STM32F4xx_HAL_Driver/Src/stm32f4xx_hal_spi.c.obj
 *fill*         0x08003a6e        0x2 
 .text.SPI_EndRxTxTransaction
                0x08003a70       0xa8 cmake/stm32cubemx/CMakeFiles/STM32_Drivers.dir/__/__/Drivers/STM32F4xx_HAL_Driver/Src/stm32f4xx_hal_spi.c.obj
 .text.HAL_UART_Init
                0x08003b18       0xa0 cmake/stm32cubemx/CMakeFiles/STM32_Drivers.dir/__/__/Drivers/STM32F4xx_HAL_Driver/Src/stm32f4xx_hal_uart.c.obj
                0x08003b18                HAL_UART_Init
 .text.UART_SetConfig
                0x08003bb8      0x4e8 cmake/stm32cubemx/CMakeFiles/STM32_Drivers.dir/__/__/Drivers/STM32F4xx_HAL_Driver/Src/stm32f4xx_hal_uart.c.obj
 .text.main     0x080040a0      0x36c CMakeFiles/CV_solido_2026.dir/Core/Src/main.c.obj
                0x080040a0                main
 .text.SystemClock_Config
                0x0800440c       0xd4 CMakeFiles/CV_solido_2026.dir/Core/Src/main.c.obj
                0x0800440c                SystemClock_Config
 .text.MX_ADC1_Init
                0x080044e0       0xa4 CMakeFiles/CV_solido_2026.dir/Core/Src/main.c.obj
 .text.MX_ADC2_Init
                0x08004584       0xa4 CMakeFiles/CV_solido_2026.dir/Core/Src/main.c.obj
 .text.MX_CAN1_Init
                0x08004628       0x68 CMakeFiles/CV_solido_2026.dir/Core/Src/main.c.obj
 .text.MX_CAN2_Init
                0x08004690       0x68 CMakeFiles/CV_solido_2026.dir/Core/Src/main.c.obj
 .text.MX_I2C1_Init
                0x080046f8       0x5c CMakeFiles/CV_solido_2026.dir/Core/Src/main.c.obj
 .text.MX_I2C2_Init
                0x08004754       0x5c CMakeFiles/CV_solido_2026.dir/Core/Src/main.c.obj
 .text.MX_SPI1_Init
                0x080047b0       0x6c CMakeFiles/CV_solido_2026.dir/Core/Src/main.c.obj
 .text.MX_USART1_UART_Init
                0x0800481c       0x54 CMakeFiles/CV_solido_2026.dir/Core/Src/main.c.obj
 .text.MX_USART6_UART_Init
                0x08004870       0x54 CMakeFiles/CV_solido_2026.dir/Core/Src/main.c.obj
 .text.MX_GPIO_Init
                0x080048c4      0x1a0 CMakeFiles/CV_solido_2026.dir/Core/Src/main.c.obj
 .text.i2c_recover_bus
                0x08004a64      0x154 CMakeFiles/CV_solido_2026.dir/Core/Src/main.c.obj
                0x08004a64                i2c_recover_bus
 .text.Error_Handler
                0x08004bb8        0xc CMakeFiles/CV_solido_2026.dir/Core/Src/main.c.obj
                0x08004bb8                Error_Handler
 .text.NMI_Handler
                0x08004bc4        0x8 CMakeFiles/CV_solido_2026.dir/Core/Src/stm32f4xx_it.c.obj
                0x08004bc4                NMI_Handler
 .text.HardFault_Handler
                0x08004bcc        0x8 CMakeFiles/CV_solido_2026.dir/Core/Src/stm32f4xx_it.c.obj
                0x08004bcc                HardFault_Handler
 .text.MemManage_Handler
                0x08004bd4        0x8 CMakeFiles/CV_solido_2026.dir/Core/Src/stm32f4xx_it.c.obj
                0x08004bd4                MemManage_Handler
 .text.BusFault_Handler
                0x08004bdc        0x8 CMakeFiles/CV_solido_2026.dir/Core/Src/stm32f4xx_it.c.obj
                0x08004bdc                BusFault_Handler
 .text.UsageFault_Handler
                0x08004be4        0x8 CMakeFiles/CV_solido_2026.dir/Core/Src/stm32f4xx_it.c.obj
                0x08004be4                UsageFault_Handler
 .text.SVC_Handler
                0x08004bec        0xe CMakeFiles/CV_solido_2026.dir/Core/Src/stm32f4xx_it.c.obj
                0x08004bec                SVC_Handler
 .text.DebugMon_Handler
                0x08004bfa        0xe CMakeFiles/CV_solido_2026.dir/Core/Src/stm32f4xx_it.c.obj
                0x08004bfa                DebugMon_Handler
 .text.PendSV_Handler
                0x08004c08        0xe CMakeFiles/CV_solido_2026.dir/Core/Src/stm32f4xx_it.c.obj
                0x08004c08                PendSV_Handler
 .text.SysTick_Handler
                0x08004c16        0xc CMakeFiles/CV_solido_2026.dir/Core/Src/stm32f4xx_it.c.obj
                0x08004c16                SysTick_Handler
 .text.EXTI0_IRQHandler
                0x08004c22        0xe CMakeFiles/CV_solido_2026.dir/Core/Src/stm32f4xx_it.c.obj
                0x08004c22                EXTI0_IRQHandler
 .text.EXTI9_5_IRQHandler
                0x08004c30        0xe CMakeFiles/CV_solido_2026.dir/Core/Src/stm32f4xx_it.c.obj
                0x08004c30                EXTI9_5_IRQHandler
 *fill*         0x08004c3e        0x2 
 .text.HAL_MspInit
                0x08004c40       0x50 CMakeFiles/CV_solido_2026.dir/Core/Src/stm32f4xx_hal_msp.c.obj
                0x08004c40                HAL_MspInit
 .text.HAL_ADC_MspInit
                0x08004c90      0x18c CMakeFiles/CV_solido_2026.dir/Core/Src/stm32f4xx_hal_msp.c.obj
                0x08004c90                HAL_ADC_MspInit
 .text.HAL_CAN_MspInit
                0x08004e1c      0x140 CMakeFiles/CV_solido_2026.dir/Core/Src/stm32f4xx_hal_msp.c.obj
                0x08004e1c                HAL_CAN_MspInit
 .text.HAL_I2C_MspInit
                0x08004f5c       0xfc CMakeFiles/CV_solido_2026.dir/Core/Src/stm32f4xx_hal_msp.c.obj
                0x08004f5c                HAL_I2C_MspInit
 .text.HAL_I2C_MspDeInit
                0x08005058       0x78 CMakeFiles/CV_solido_2026.dir/Core/Src/stm32f4xx_hal_msp.c.obj
                0x08005058                HAL_I2C_MspDeInit
 .text.HAL_SPI_MspInit
                0x080050d0       0x90 CMakeFiles/CV_solido_2026.dir/Core/Src/stm32f4xx_hal_msp.c.obj
                0x080050d0                HAL_SPI_MspInit
 .text.HAL_UART_MspInit
                0x08005160       0xfc CMakeFiles/CV_solido_2026.dir/Core/Src/stm32f4xx_hal_msp.c.obj
                0x08005160                HAL_UART_MspInit
 .text._sbrk    0x0800525c       0x6c CMakeFiles/CV_solido_2026.dir/Core/Src/sysmem.c.obj
                0x0800525c                _sbrk
 .text._read    0x080052c8       0x3a CMakeFiles/CV_solido_2026.dir/Core/Src/syscalls.c.obj
                0x080052c8                _read
 .text._write   0x08005302       0x38 CMakeFiles/CV_solido_2026.dir/Core/Src/syscalls.c.obj
                0x08005302                _write
 .text._close   0x0800533a       0x18 CMakeFiles/CV_solido_2026.dir/Core/Src/syscalls.c.obj
                0x0800533a                _close
 .text._fstat   0x08005352       0x20 CMakeFiles/CV_solido_2026.dir/Core/Src/syscalls.c.obj
                0x08005352                _fstat
 .text._isatty  0x08005372       0x16 CMakeFiles/CV_solido_2026.dir/Core/Src/syscalls.c.obj
                0x08005372                _isatty
 .text._lseek   0x08005388       0x1a CMakeFiles/CV_solido_2026.dir/Core/Src/syscalls.c.obj
                0x08005388                _lseek
 *fill*         0x080053a2        0x2 
 .text.Reset_Handler
                0x080053a4       0x50 CMakeFiles/CV_solido_2026.dir/startup_stm32f405xx.s.obj
                0x080053a4                Reset_Handler
 .text.Default_Handler
                0x080053f4        0x2 CMakeFiles/CV_solido_2026.dir/startup_stm32f405xx.s.obj
                0x080053f4                RTC_Alarm_IRQHandler
                0x080053f4                HASH_RNG_IRQHandler
                0x080053f4                EXTI2_IRQHandler
                0x080053f4                TIM8_CC_IRQHandler
                0x080053f4                TIM1_CC_IRQHandler
                0x080053f4                DMA2_Stream5_IRQHandler
                0x080053f4                DMA1_Stream5_IRQHandler
                0x080053f4                PVD_IRQHandler
                0x080053f4                SDIO_IRQHandler
                0x080053f4                TAMP_STAMP_IRQHandler
                0x080053f4                CAN2_RX1_IRQHandler
                0x080053f4                EXTI3_IRQHandler
                0x080053f4                TIM8_TRG_COM_TIM14_IRQHandler
                0x080053f4                TIM1_UP_TIM10_IRQHandler
                0x080053f4                TIM8_UP_TIM13_IRQHandler
                0x080053f4                I2C3_ER_IRQHandler
                0x080053f4                I2C2_EV_IRQHandler
                0x080053f4                DMA1_Stream2_IRQHandler
                0x080053f4                CAN1_RX0_IRQHandler
                0x080053f4                FPU_IRQHandler
                0x080053f4                OTG_HS_WKUP_IRQHandler
                0x080053f4                CAN2_SCE_IRQHandler
                0x080053f4                DMA2_Stream2_IRQHandler
                0x080053f4                SPI1_IRQHandler
                0x080053f4                TIM6_DAC_IRQHandler
                0x080053f4                TIM1_BRK_TIM9_IRQHandler
                0x080053f4                CAN2_RX0_IRQHandler
                0x080053f4                DMA2_Stream3_IRQHandler
                0x080053f4                USART6_IRQHandler
                0x080053f4                USART3_IRQHandler
                0x080053f4                CAN1_RX1_IRQHandler
                0x080053f4                UART5_IRQHandler
                0x080053f4                DMA2_Stream0_IRQHandler
                0x080053f4                TIM4_IRQHandler
                0x080053f4                I2C1_EV_IRQHandler
                0x080053f4                DMA1_Stream6_IRQHandler
                0x080053f4                DMA1_Stream1_IRQHandler
                0x080053f4                UART4_IRQHandler
                0x080053f4                TIM3_IRQHandler
                0x080053f4                RCC_IRQHandler
                0x080053f4                TIM8_BRK_TIM12_IRQHandler
                0x080053f4                Default_Handler
                0x080053f4                EXTI15_10_IRQHandler
                0x080053f4                ADC_IRQHandler
                0x080053f4                DMA1_Stream7_IRQHandler
                0x080053f4                TIM7_IRQHandler
                0x080053f4                CAN2_TX_IRQHandler
                0x080053f4                TIM5_IRQHandler
                0x080053f4                DMA2_Stream7_IRQHandler
                0x080053f4                I2C3_EV_IRQHandler
                0x080053f4                RTC_WKUP_IRQHandler
                0x080053f4                SPI2_IRQHandler
                0x080053f4                OTG_HS_EP1_IN_IRQHandler
                0x080053f4                DMA1_Stream0_IRQHandler
                0x080053f4                CAN1_TX_IRQHandler
                0x080053f4                EXTI4_IRQHandler
                0x080053f4                FSMC_IRQHandler
                0x080053f4                OTG_HS_EP1_OUT_IRQHandler
                0x080053f4                WWDG_IRQHandler
                0x080053f4                TIM2_IRQHandler
                0x080053f4                OTG_FS_WKUP_IRQHandler
                0x080053f4                TIM1_TRG_COM_TIM11_IRQHandler
                0x080053f4                OTG_HS_IRQHandler
                0x080053f4                EXTI1_IRQHandler
                0x080053f4                USART2_IRQHandler
                0x080053f4                I2C2_ER_IRQHandler
                0x080053f4                DMA2_Stream1_IRQHandler
                0x080053f4                CAN1_SCE_IRQHandler
                0x080053f4                FLASH_IRQHandler
                0x080053f4                DMA2_Stream4_IRQHandler
                0x080053f4                USART1_IRQHandler
                0x080053f4                OTG_FS_IRQHandler
                0x080053f4                SPI3_IRQHandler
                0x080053f4                DMA1_Stream4_IRQHandler
                0x080053f4                I2C1_ER_IRQHandler
                0x080053f4                DMA2_Stream6_IRQHandler
                0x080053f4                DMA1_Stream3_IRQHandler
 .text.bmp280_init_default_params
                0x080053f6       0x38 CMakeFiles/CV_solido_2026.dir/Core/Src/bmp280.c.obj
                0x080053f6                bmp280_init_default_params
 .text.read_data
                0x0800542e       0xb2 CMakeFiles/CV_solido_2026.dir/Core/Src/bmp280.c.obj
 .text.read_register16
                0x080054e0       0x46 CMakeFiles/CV_solido_2026.dir/Core/Src/bmp280.c.obj
 .text.write_register8
                0x08005526       0xa0 CMakeFiles/CV_solido_2026.dir/Core/Src/bmp280.c.obj
 .text.read_calibration_data
                0x080055c6      0x104 CMakeFiles/CV_solido_2026.dir/Core/Src/bmp280.c.obj
 .text.read_hum_calibration_data
                0x080056ca       0xc2 CMakeFiles/CV_solido_2026.dir/Core/Src/bmp280.c.obj
 .text.bmp280_init
                0x0800578c      0x16c CMakeFiles/CV_solido_2026.dir/Core/Src/bmp280.c.obj
                0x0800578c                bmp280_init
 .text.compensate_temperature
                0x080058f8       0x72 CMakeFiles/CV_solido_2026.dir/Core/Src/bmp280.c.obj
 .text.compensate_pressure
                0x0800596a      0x56a CMakeFiles/CV_solido_2026.dir/Core/Src/bmp280.c.obj
 .text.compensate_humidity
                0x08005ed4       0xbe CMakeFiles/CV_solido_2026.dir/Core/Src/bmp280.c.obj
 .text.bmp280_read_fixed
                0x08005f92       0xca CMakeFiles/CV_solido_2026.dir/Core/Src/bmp280.c.obj
                0x08005f92                bmp280_read_fixed
 .text.bmp280_read_float
                0x0800605c       0x98 CMakeFiles/CV_solido_2026.dir/Core/Src/bmp280.c.obj
                0x0800605c                bmp280_read_float
 .text.CalcularAltura
                0x080060f4       0x64 CMakeFiles/CV_solido_2026.dir/Core/Src/bmp280.c.obj
                0x080060f4                CalcularAltura
 .text.powf     0x08006158       0xbc C:/ST/STM32CubeIDE_2.1.0/STM32CubeIDE/plugins/com.st.stm32cube.ide.mcu.externaltools.gnu-tools-for-stm32.14.3.rel1.win32_1.0.100.202602081740/tools/bin/../lib/gcc/arm-none-eabi/14.3.1/../../../../arm-none-eabi/lib/thumb/v7e-m+fp/hard\libm.a(libm_a-wf_pow.o)
                0x08006158                powf
 .text.finitef  0x08006214       0x14 C:/ST/STM32CubeIDE_2.1.0/STM32CubeIDE/plugins/com.st.stm32cube.ide.mcu.externaltools.gnu-tools-for-stm32.14.3.rel1.win32_1.0.100.202602081740/tools/bin/../lib/gcc/arm-none-eabi/14.3.1/../../../../arm-none-eabi/lib/thumb/v7e-m+fp/hard\libm.a(libm_a-sf_finite.o)
                0x08006214                finitef
 .text.__ieee754_powf
                0x08006228      0x6b8 C:/ST/STM32CubeIDE_2.1.0/STM32CubeIDE/plugins/com.st.stm32cube.ide.mcu.externaltools.gnu-tools-for-stm32.14.3.rel1.win32_1.0.100.202602081740/tools/bin/../lib/gcc/arm-none-eabi/14.3.1/../../../../arm-none-eabi/lib/thumb/v7e-m+fp/hard\libm.a(libm_a-ef_pow.o)
                0x08006228                __ieee754_powf
 .text.fabsf    0x080068e0       0x10 C:/ST/STM32CubeIDE_2.1.0/STM32CubeIDE/plugins/com.st.stm32cube.ide.mcu.externaltools.gnu-tools-for-stm32.14.3.rel1.win32_1.0.100.202602081740/tools/bin/../lib/gcc/arm-none-eabi/14.3.1/../../../../arm-none-eabi/lib/thumb/v7e-m+fp/hard\libm.a(libm_a-sf_fabs.o)
                0x080068e0                fabsf
 .text.scalbnf  0x080068f0       0xdc C:/ST/STM32CubeIDE_2.1.0/STM32CubeIDE/plugins/com.st.stm32cube.ide.mcu.externaltools.gnu-tools-for-stm32.14.3.rel1.win32_1.0.100.202602081740/tools/bin/../lib/gcc/arm-none-eabi/14.3.1/../../../../arm-none-eabi/lib/thumb/v7e-m+fp/hard\libm.a(libm_a-sf_scalbn.o)
                0x080068f0                scalbnf
 .text.with_errnof
                0x080069cc       0x1c C:/ST/STM32CubeIDE_2.1.0/STM32CubeIDE/plugins/com.st.stm32cube.ide.mcu.externaltools.gnu-tools-for-stm32.14.3.rel1.win32_1.0.100.202602081740/tools/bin/../lib/gcc/arm-none-eabi/14.3.1/../../../../arm-none-eabi/lib/thumb/v7e-m+fp/hard\libm.a(libm_a-math_errf.o)
 .text.xflowf   0x080069e8       0x20 C:/ST/STM32CubeIDE_2.1.0/STM32CubeIDE/plugins/com.st.stm32cube.ide.mcu.externaltools.gnu-tools-for-stm32.14.3.rel1.win32_1.0.100.202602081740/tools/bin/../lib/gcc/arm-none-eabi/14.3.1/../../../../arm-none-eabi/lib/thumb/v7e-m+fp/hard\libm.a(libm_a-math_errf.o)
 .text.__math_uflowf
                0x08006a08        0xc C:/ST/STM32CubeIDE_2.1.0/STM32CubeIDE/plugins/com.st.stm32cube.ide.mcu.externaltools.gnu-tools-for-stm32.14.3.rel1.win32_1.0.100.202602081740/tools/bin/../lib/gcc/arm-none-eabi/14.3.1/../../../../arm-none-eabi/lib/thumb/v7e-m+fp/hard\libm.a(libm_a-math_errf.o)
                0x08006a08                __math_uflowf
 .text.__math_oflowf
                0x08006a14        0xc C:/ST/STM32CubeIDE_2.1.0/STM32CubeIDE/plugins/com.st.stm32cube.ide.mcu.externaltools.gnu-tools-for-stm32.14.3.rel1.win32_1.0.100.202602081740/tools/bin/../lib/gcc/arm-none-eabi/14.3.1/../../../../arm-none-eabi/lib/thumb/v7e-m+fp/hard\libm.a(libm_a-math_errf.o)
                0x08006a14                __math_oflowf
 .text.__ieee754_sqrtf
                0x08006a20        0x8 C:/ST/STM32CubeIDE_2.1.0/STM32CubeIDE/plugins/com.st.stm32cube.ide.mcu.externaltools.gnu-tools-for-stm32.14.3.rel1.win32_1.0.100.202602081740/tools/bin/../lib/gcc/arm-none-eabi/14.3.1/../../../../arm-none-eabi/lib/thumb/v7e-m+fp/hard\libm.a(libm_a-ef_sqrt.o)
                0x08006a20                __ieee754_sqrtf
 .text.std      0x08006a28       0x6c C:/ST/STM32CubeIDE_2.1.0/STM32CubeIDE/plugins/com.st.stm32cube.ide.mcu.externaltools.gnu-tools-for-stm32.14.3.rel1.win32_1.0.100.202602081740/tools/bin/../lib/gcc/arm-none-eabi/14.3.1/../../../../arm-none-eabi/lib/thumb/v7e-m+fp/hard\libg_nano.a(libc_a-findfp.o)
 .text.stdio_exit_handler
                0x08006a94       0x18 C:/ST/STM32CubeIDE_2.1.0/STM32CubeIDE/plugins/com.st.stm32cube.ide.mcu.externaltools.gnu-tools-for-stm32.14.3.rel1.win32_1.0.100.202602081740/tools/bin/../lib/gcc/arm-none-eabi/14.3.1/../../../../arm-none-eabi/lib/thumb/v7e-m+fp/hard\libg_nano.a(libc_a-findfp.o)
 .text.cleanup_stdio
                0x08006aac       0x40 C:/ST/STM32CubeIDE_2.1.0/STM32CubeIDE/plugins/com.st.stm32cube.ide.mcu.externaltools.gnu-tools-for-stm32.14.3.rel1.win32_1.0.100.202602081740/tools/bin/../lib/gcc/arm-none-eabi/14.3.1/../../../../arm-none-eabi/lib/thumb/v7e-m+fp/hard\libg_nano.a(libc_a-findfp.o)
 .text.global_stdio_init.part.0
                0x08006aec       0x40 C:/ST/STM32CubeIDE_2.1.0/STM32CubeIDE/plugins/com.st.stm32cube.ide.mcu.externaltools.gnu-tools-for-stm32.14.3.rel1.win32_1.0.100.202602081740/tools/bin/../lib/gcc/arm-none-eabi/14.3.1/../../../../arm-none-eabi/lib/thumb/v7e-m+fp/hard\libg_nano.a(libc_a-findfp.o)
 .text.__sfp_lock_acquire
                0x08006b2c        0xc C:/ST/STM32CubeIDE_2.1.0/STM32CubeIDE/plugins/com.st.stm32cube.ide.mcu.externaltools.gnu-tools-for-stm32.14.3.rel1.win32_1.0.100.202602081740/tools/bin/../lib/gcc/arm-none-eabi/14.3.1/../../../../arm-none-eabi/lib/thumb/v7e-m+fp/hard\libg_nano.a(libc_a-findfp.o)
                0x08006b2c                __sfp_lock_acquire
 .text.__sfp_lock_release
                0x08006b38        0xc C:/ST/STM32CubeIDE_2.1.0/STM32CubeIDE/plugins/com.st.stm32cube.ide.mcu.externaltools.gnu-tools-for-stm32.14.3.rel1.win32_1.0.100.202602081740/tools/bin/../lib/gcc/arm-none-eabi/14.3.1/../../../../arm-none-eabi/lib/thumb/v7e-m+fp/hard\libg_nano.a(libc_a-findfp.o)
                0x08006b38                __sfp_lock_release
 .text.__sinit  0x08006b44       0x30 C:/ST/STM32CubeIDE_2.1.0/STM32CubeIDE/plugins/com.st.stm32cube.ide.mcu.externaltools.gnu-tools-for-stm32.14.3.rel1.win32_1.0.100.202602081740/tools/bin/../lib/gcc/arm-none-eabi/14.3.1/../../../../arm-none-eabi/lib/thumb/v7e-m+fp/hard\libg_nano.a(libc_a-findfp.o)
                0x08006b44                __sinit
 .text._fwalk_sglue
                0x08006b74       0x3c C:/ST/STM32CubeIDE_2.1.0/STM32CubeIDE/plugins/com.st.stm32cube.ide.mcu.externaltools.gnu-tools-for-stm32.14.3.rel1.win32_1.0.100.202602081740/tools/bin/../lib/gcc/arm-none-eabi/14.3.1/../../../../arm-none-eabi/lib/thumb/v7e-m+fp/hard\libg_nano.a(libc_a-fwalk.o)
                0x08006b74                _fwalk_sglue
 .text._puts_r  0x08006bb0       0xaa C:/ST/STM32CubeIDE_2.1.0/STM32CubeIDE/plugins/com.st.stm32cube.ide.mcu.externaltools.gnu-tools-for-stm32.14.3.rel1.win32_1.0.100.202602081740/tools/bin/../lib/gcc/arm-none-eabi/14.3.1/../../../../arm-none-eabi/lib/thumb/v7e-m+fp/hard\libg_nano.a(libc_a-puts.o)
                0x08006bb0                _puts_r
 *fill*         0x08006c5a        0x2 
 .text.puts     0x08006c5c       0x10 C:/ST/STM32CubeIDE_2.1.0/STM32CubeIDE/plugins/com.st.stm32cube.ide.mcu.externaltools.gnu-tools-for-stm32.14.3.rel1.win32_1.0.100.202602081740/tools/bin/../lib/gcc/arm-none-eabi/14.3.1/../../../../arm-none-eabi/lib/thumb/v7e-m+fp/hard\libg_nano.a(libc_a-puts.o)
                0x08006c5c                puts
 .text.__sread  0x08006c6c       0x22 C:/ST/STM32CubeIDE_2.1.0/STM32CubeIDE/plugins/com.st.stm32cube.ide.mcu.externaltools.gnu-tools-for-stm32.14.3.rel1.win32_1.0.100.202602081740/tools/bin/../lib/gcc/arm-none-eabi/14.3.1/../../../../arm-none-eabi/lib/thumb/v7e-m+fp/hard\libg_nano.a(libc_a-stdio.o)
                0x08006c6c                __sread
 .text.__swrite
                0x08006c8e       0x38 C:/ST/STM32CubeIDE_2.1.0/STM32CubeIDE/plugins/com.st.stm32cube.ide.mcu.externaltools.gnu-tools-for-stm32.14.3.rel1.win32_1.0.100.202602081740/tools/bin/../lib/gcc/arm-none-eabi/14.3.1/../../../../arm-none-eabi/lib/thumb/v7e-m+fp/hard\libg_nano.a(libc_a-stdio.o)
                0x08006c8e                __swrite
 .text.__sseek  0x08006cc6       0x26 C:/ST/STM32CubeIDE_2.1.0/STM32CubeIDE/plugins/com.st.stm32cube.ide.mcu.externaltools.gnu-tools-for-stm32.14.3.rel1.win32_1.0.100.202602081740/tools/bin/../lib/gcc/arm-none-eabi/14.3.1/../../../../arm-none-eabi/lib/thumb/v7e-m+fp/hard\libg_nano.a(libc_a-stdio.o)
                0x08006cc6                __sseek
 .text.__sclose
                0x08006cec        0x8 C:/ST/STM32CubeIDE_2.1.0/STM32CubeIDE/plugins/com.st.stm32cube.ide.mcu.externaltools.gnu-tools-for-stm32.14.3.rel1.win32_1.0.100.202602081740/tools/bin/../lib/gcc/arm-none-eabi/14.3.1/../../../../arm-none-eabi/lib/thumb/v7e-m+fp/hard\libg_nano.a(libc_a-stdio.o)
                0x08006cec                __sclose
 .text.__swbuf_r
                0x08006cf4       0x7c C:/ST/STM32CubeIDE_2.1.0/STM32CubeIDE/plugins/com.st.stm32cube.ide.mcu.externaltools.gnu-tools-for-stm32.14.3.rel1.win32_1.0.100.202602081740/tools/bin/../lib/gcc/arm-none-eabi/14.3.1/../../../../arm-none-eabi/lib/thumb/v7e-m+fp/hard\libg_nano.a(libc_a-wbuf.o)
                0x08006cf4                __swbuf_r
 .text.__swsetup_r
                0x08006d70       0xa8 C:/ST/STM32CubeIDE_2.1.0/STM32CubeIDE/plugins/com.st.stm32cube.ide.mcu.externaltools.gnu-tools-for-stm32.14.3.rel1.win32_1.0.100.202602081740/tools/bin/../lib/gcc/arm-none-eabi/14.3.1/../../../../arm-none-eabi/lib/thumb/v7e-m+fp/hard\libg_nano.a(libc_a-wsetup.o)
                0x08006d70                __swsetup_r
 .text.memset   0x08006e18       0x10 C:/ST/STM32CubeIDE_2.1.0/STM32CubeIDE/plugins/com.st.stm32cube.ide.mcu.externaltools.gnu-tools-for-stm32.14.3.rel1.win32_1.0.100.202602081740/tools/bin/../lib/gcc/arm-none-eabi/14.3.1/../../../../arm-none-eabi/lib/thumb/v7e-m+fp/hard\libg_nano.a(libc_a-memset.o)
                0x08006e18                memset
 .text._close_r
                0x08006e28       0x20 C:/ST/STM32CubeIDE_2.1.0/STM32CubeIDE/plugins/com.st.stm32cube.ide.mcu.externaltools.gnu-tools-for-stm32.14.3.rel1.win32_1.0.100.202602081740/tools/bin/../lib/gcc/arm-none-eabi/14.3.1/../../../../arm-none-eabi/lib/thumb/v7e-m+fp/hard\libg_nano.a(libc_a-closer.o)
                0x08006e28                _close_r
 .text._lseek_r
                0x08006e48       0x24 C:/ST/STM32CubeIDE_2.1.0/STM32CubeIDE/plugins/com.st.stm32cube.ide.mcu.externaltools.gnu-tools-for-stm32.14.3.rel1.win32_1.0.100.202602081740/tools/bin/../lib/gcc/arm-none-eabi/14.3.1/../../../../arm-none-eabi/lib/thumb/v7e-m+fp/hard\libg_nano.a(libc_a-lseekr.o)
                0x08006e48                _lseek_r
 .text._read_r  0x08006e6c       0x24 C:/ST/STM32CubeIDE_2.1.0/STM32CubeIDE/plugins/com.st.stm32cube.ide.mcu.externaltools.gnu-tools-for-stm32.14.3.rel1.win32_1.0.100.202602081740/tools/bin/../lib/gcc/arm-none-eabi/14.3.1/../../../../arm-none-eabi/lib/thumb/v7e-m+fp/hard\libg_nano.a(libc_a-readr.o)
                0x08006e6c                _read_r
 .text._write_r
                0x08006e90       0x24 C:/ST/STM32CubeIDE_2.1.0/STM32CubeIDE/plugins/com.st.stm32cube.ide.mcu.externaltools.gnu-tools-for-stm32.14.3.rel1.win32_1.0.100.202602081740/tools/bin/../lib/gcc/arm-none-eabi/14.3.1/../../../../arm-none-eabi/lib/thumb/v7e-m+fp/hard\libg_nano.a(libc_a-writer.o)
                0x08006e90                _write_r
 .text.__errno  0x08006eb4        0xc C:/ST/STM32CubeIDE_2.1.0/STM32CubeIDE/plugins/com.st.stm32cube.ide.mcu.externaltools.gnu-tools-for-stm32.14.3.rel1.win32_1.0.100.202602081740/tools/bin/../lib/gcc/arm-none-eabi/14.3.1/../../../../arm-none-eabi/lib/thumb/v7e-m+fp/hard\libg_nano.a(libc_a-errno.o)
                0x08006eb4                __errno
 .text.__libc_init_array
                0x08006ec0       0x48 C:/ST/STM32CubeIDE_2.1.0/STM32CubeIDE/plugins/com.st.stm32cube.ide.mcu.externaltools.gnu-tools-for-stm32.14.3.rel1.win32_1.0.100.202602081740/tools/bin/../lib/gcc/arm-none-eabi/14.3.1/../../../../arm-none-eabi/lib/thumb/v7e-m+fp/hard\libg_nano.a(libc_a-init.o)
                0x08006ec0                __libc_init_array
 .text.__retarget_lock_init_recursive
                0x08006f08        0x2 C:/ST/STM32CubeIDE_2.1.0/STM32CubeIDE/plugins/com.st.stm32cube.ide.mcu.externaltools.gnu-tools-for-stm32.14.3.rel1.win32_1.0.100.202602081740/tools/bin/../lib/gcc/arm-none-eabi/14.3.1/../../../../arm-none-eabi/lib/thumb/v7e-m+fp/hard\libg_nano.a(libc_a-lock.o)
                0x08006f08                __retarget_lock_init_recursive
 .text.__retarget_lock_acquire_recursive
                0x08006f0a        0x2 C:/ST/STM32CubeIDE_2.1.0/STM32CubeIDE/plugins/com.st.stm32cube.ide.mcu.externaltools.gnu-tools-for-stm32.14.3.rel1.win32_1.0.100.202602081740/tools/bin/../lib/gcc/arm-none-eabi/14.3.1/../../../../arm-none-eabi/lib/thumb/v7e-m+fp/hard\libg_nano.a(libc_a-lock.o)
                0x08006f0a                __retarget_lock_acquire_recursive
 .text.__retarget_lock_release_recursive
                0x08006f0c        0x2 C:/ST/STM32CubeIDE_2.1.0/STM32CubeIDE/plugins/com.st.stm32cube.ide.mcu.externaltools.gnu-tools-for-stm32.14.3.rel1.win32_1.0.100.202602081740/tools/bin/../lib/gcc/arm-none-eabi/14.3.1/../../../../arm-none-eabi/lib/thumb/v7e-m+fp/hard\libg_nano.a(libc_a-lock.o)
                0x08006f0c                __retarget_lock_release_recursive
 *fill*         0x08006f0e        0x2 
 .text._free_r  0x08006f10       0x94 C:/ST/STM32CubeIDE_2.1.0/STM32CubeIDE/plugins/com.st.stm32cube.ide.mcu.externaltools.gnu-tools-for-stm32.14.3.rel1.win32_1.0.100.202602081740/tools/bin/../lib/gcc/arm-none-eabi/14.3.1/../../../../arm-none-eabi/lib/thumb/v7e-m+fp/hard\libg_nano.a(libc_a-freer.o)
                0x08006f10                _free_r
 .text.sbrk_aligned
                0x08006fa4       0x44 C:/ST/STM32CubeIDE_2.1.0/STM32CubeIDE/plugins/com.st.stm32cube.ide.mcu.externaltools.gnu-tools-for-stm32.14.3.rel1.win32_1.0.100.202602081740/tools/bin/../lib/gcc/arm-none-eabi/14.3.1/../../../../arm-none-eabi/lib/thumb/v7e-m+fp/hard\libg_nano.a(libc_a-mallocr.o)
 .text._malloc_r
                0x08006fe8      0x100 C:/ST/STM32CubeIDE_2.1.0/STM32CubeIDE/plugins/com.st.stm32cube.ide.mcu.externaltools.gnu-tools-for-stm32.14.3.rel1.win32_1.0.100.202602081740/tools/bin/../lib/gcc/arm-none-eabi/14.3.1/../../../../arm-none-eabi/lib/thumb/v7e-m+fp/hard\libg_nano.a(libc_a-mallocr.o)
                0x08006fe8                _malloc_r
 .text.__malloc_lock
                0x080070e8        0xc C:/ST/STM32CubeIDE_2.1.0/STM32CubeIDE/plugins/com.st.stm32cube.ide.mcu.externaltools.gnu-tools-for-stm32.14.3.rel1.win32_1.0.100.202602081740/tools/bin/../lib/gcc/arm-none-eabi/14.3.1/../../../../arm-none-eabi/lib/thumb/v7e-m+fp/hard\libg_nano.a(libc_a-mlock.o)
                0x080070e8                __malloc_lock
 .text.__malloc_unlock
                0x080070f4        0xc C:/ST/STM32CubeIDE_2.1.0/STM32CubeIDE/plugins/com.st.stm32cube.ide.mcu.externaltools.gnu-tools-for-stm32.14.3.rel1.win32_1.0.100.202602081740/tools/bin/../lib/gcc/arm-none-eabi/14.3.1/../../../../arm-none-eabi/lib/thumb/v7e-m+fp/hard\libg_nano.a(libc_a-mlock.o)
                0x080070f4                __malloc_unlock
 .text.__sflush_r
                0x08007100      0x104 C:/ST/STM32CubeIDE_2.1.0/STM32CubeIDE/plugins/com.st.stm32cube.ide.mcu.externaltools.gnu-tools-for-stm32.14.3.rel1.win32_1.0.100.202602081740/tools/bin/../lib/gcc/arm-none-eabi/14.3.1/../../../../arm-none-eabi/lib/thumb/v7e-m+fp/hard\libg_nano.a(libc_a-fflush.o)
                0x08007100                __sflush_r
 .text._fflush_r
                0x08007204       0x50 C:/ST/STM32CubeIDE_2.1.0/STM32CubeIDE/plugins/com.st.stm32cube.ide.mcu.externaltools.gnu-tools-for-stm32.14.3.rel1.win32_1.0.100.202602081740/tools/bin/../lib/gcc/arm-none-eabi/14.3.1/../../../../arm-none-eabi/lib/thumb/v7e-m+fp/hard\libg_nano.a(libc_a-fflush.o)
                0x08007204                _fflush_r
 .text.__swhatbuf_r
                0x08007254       0x48 C:/ST/STM32CubeIDE_2.1.0/STM32CubeIDE/plugins/com.st.stm32cube.ide.mcu.externaltools.gnu-tools-for-stm32.14.3.rel1.win32_1.0.100.202602081740/tools/bin/../lib/gcc/arm-none-eabi/14.3.1/../../../../arm-none-eabi/lib/thumb/v7e-m+fp/hard\libg_nano.a(libc_a-makebuf.o)
                0x08007254                __swhatbuf_r
 .text.__smakebuf_r
                0x0800729c       0x72 C:/ST/STM32CubeIDE_2.1.0/STM32CubeIDE/plugins/com.st.stm32cube.ide.mcu.externaltools.gnu-tools-for-stm32.14.3.rel1.win32_1.0.100.202602081740/tools/bin/../lib/gcc/arm-none-eabi/14.3.1/../../../../arm-none-eabi/lib/thumb/v7e-m+fp/hard\libg_nano.a(libc_a-makebuf.o)
                0x0800729c                __smakebuf_r
 *fill*         0x0800730e        0x2 
 .text._fstat_r
                0x08007310       0x24 C:/ST/STM32CubeIDE_2.1.0/STM32CubeIDE/plugins/com.st.stm32cube.ide.mcu.externaltools.gnu-tools-for-stm32.14.3.rel1.win32_1.0.100.202602081740/tools/bin/../lib/gcc/arm-none-eabi/14.3.1/../../../../arm-none-eabi/lib/thumb/v7e-m+fp/hard\libg_nano.a(libc_a-fstatr.o)
                0x08007310                _fstat_r
 .text._isatty_r
                0x08007334       0x20 C:/ST/STM32CubeIDE_2.1.0/STM32CubeIDE/plugins/com.st.stm32cube.ide.mcu.externaltools.gnu-tools-for-stm32.14.3.rel1.win32_1.0.100.202602081740/tools/bin/../lib/gcc/arm-none-eabi/14.3.1/../../../../arm-none-eabi/lib/thumb/v7e-m+fp/hard\libg_nano.a(libc_a-isattyr.o)
                0x08007334                _isatty_r
 .text._sbrk_r  0x08007354       0x20 C:/ST/STM32CubeIDE_2.1.0/STM32CubeIDE/plugins/com.st.stm32cube.ide.mcu.externaltools.gnu-tools-for-stm32.14.3.rel1.win32_1.0.100.202602081740/tools/bin/../lib/gcc/arm-none-eabi/14.3.1/../../../../arm-none-eabi/lib/thumb/v7e-m+fp/hard\libg_nano.a(libc_a-sbrkr.o)
                0x08007354                _sbrk_r
 *(.glue_7)
 .glue_7        0x08007374        0x0 linker stubs
 *(.glue_7t)
 .glue_7t       0x08007374        0x0 linker stubs
 *(.eh_frame)
 .eh_frame      0x08007374        0x0 C:/ST/STM32CubeIDE_2.1.0/STM32CubeIDE/plugins/com.st.stm32cube.ide.mcu.externaltools.gnu-tools-for-stm32.14.3.rel1.win32_1.0.100.202602081740/tools/bin/../lib/gcc/arm-none-eabi/14.3.1/thumb/v7e-m+fp/hard/crtbegin.o
 *(.init)
 .init          0x08007374        0x4 C:/ST/STM32CubeIDE_2.1.0/STM32CubeIDE/plugins/com.st.stm32cube.ide.mcu.externaltools.gnu-tools-for-stm32.14.3.rel1.win32_1.0.100.202602081740/tools/bin/../lib/gcc/arm-none-eabi/14.3.1/thumb/v7e-m+fp/hard/crti.o
                0x08007374                _init
 .init          0x08007378        0x8 C:/ST/STM32CubeIDE_2.1.0/STM32CubeIDE/plugins/com.st.stm32cube.ide.mcu.externaltools.gnu-tools-for-stm32.14.3.rel1.win32_1.0.100.202602081740/tools/bin/../lib/gcc/arm-none-eabi/14.3.1/thumb/v7e-m+fp/hard/crtn.o
 *(.fini)
 .fini          0x08007380        0x4 C:/ST/STM32CubeIDE_2.1.0/STM32CubeIDE/plugins/com.st.stm32cube.ide.mcu.externaltools.gnu-tools-for-stm32.14.3.rel1.win32_1.0.100.202602081740/tools/bin/../lib/gcc/arm-none-eabi/14.3.1/thumb/v7e-m+fp/hard/crti.o
                0x08007380                _fini
 .fini          0x08007384        0x8 C:/ST/STM32CubeIDE_2.1.0/STM32CubeIDE/plugins/com.st.stm32cube.ide.mcu.externaltools.gnu-tools-for-stm32.14.3.rel1.win32_1.0.100.202602081740/tools/bin/../lib/gcc/arm-none-eabi/14.3.1/thumb/v7e-m+fp/hard/crtn.o
                0x0800738c                        . = ALIGN (0x4)
                0x0800738c                        _etext = .

.vfp11_veneer   0x0800738c        0x0
 .vfp11_veneer  0x0800738c        0x0 linker stubs

.v4_bx          0x0800738c        0x0
 .v4_bx         0x0800738c        0x0 linker stubs

.iplt           0x0800738c        0x0
 .iplt          0x0800738c        0x0 C:/ST/STM32CubeIDE_2.1.0/STM32CubeIDE/plugins/com.st.stm32cube.ide.mcu.externaltools.gnu-tools-for-stm32.14.3.rel1.win32_1.0.100.202602081740/tools/bin/../lib/gcc/arm-none-eabi/14.3.1/thumb/v7e-m+fp/hard/crtbegin.o

.rodata         0x0800738c       0xd4
                0x0800738c                        . = ALIGN (0x4)
 *(.rodata)
 .rodata        0x0800738c       0xbc CMakeFiles/CV_solido_2026.dir/Core/Src/main.c.obj
 *(.rodata*)
 .rodata.AHBPrescTable
                0x08007448       0x10 cmake/stm32cubemx/CMakeFiles/STM32_Drivers.dir/__/__/Core/Src/system_stm32f4xx.c.obj
                0x08007448                AHBPrescTable
 .rodata.APBPrescTable
                0x08007458        0x8 cmake/stm32cubemx/CMakeFiles/STM32_Drivers.dir/__/__/Core/Src/system_stm32f4xx.c.obj
                0x08007458                APBPrescTable
                0x08007460                        . = ALIGN (0x4)

.ARM.extab      0x08007460        0x0
                0x08007460                        . = ALIGN (0x4)
 *(.ARM.extab* .gnu.linkonce.armextab.*)
                0x08007460                        . = ALIGN (0x4)

.ARM            0x08007460        0x8
                0x08007460                        . = ALIGN (0x4)
                0x08007460                        __exidx_start = .
 *(.ARM.exidx*)
 .ARM.exidx     0x08007460        0x8 C:/ST/STM32CubeIDE_2.1.0/STM32CubeIDE/plugins/com.st.stm32cube.ide.mcu.externaltools.gnu-tools-for-stm32.14.3.rel1.win32_1.0.100.202602081740/tools/bin/../lib/gcc/arm-none-eabi/14.3.1/thumb/v7e-m+fp/hard\libgcc.a(_udivmoddi4.o)
                0x08007468                        __exidx_end = .
                0x08007468                        . = ALIGN (0x4)

.preinit_array  0x08007468        0x0
                0x08007468                        . = ALIGN (0x4)
                0x08007468                        PROVIDE (__preinit_array_start = .)
 *(.preinit_array*)
                0x08007468                        PROVIDE (__preinit_array_end = .)
                0x08007468                        . = ALIGN (0x4)

.init_array     0x08007468        0x4
                0x08007468                        . = ALIGN (0x4)
                0x08007468                        PROVIDE (__init_array_start = .)
 *(SORT_BY_NAME(.init_array.*))
 *(.init_array*)
 .init_array    0x08007468        0x4 C:/ST/STM32CubeIDE_2.1.0/STM32CubeIDE/plugins/com.st.stm32cube.ide.mcu.externaltools.gnu-tools-for-stm32.14.3.rel1.win32_1.0.100.202602081740/tools/bin/../lib/gcc/arm-none-eabi/14.3.1/thumb/v7e-m+fp/hard/crtbegin.o
                0x0800746c                        PROVIDE (__init_array_end = .)
                0x0800746c                        . = ALIGN (0x4)

.fini_array     0x0800746c        0x4
                0x0800746c                        . = ALIGN (0x4)
                [!provide]                        PROVIDE (__fini_array_start = .)
 *(SORT_BY_NAME(.fini_array.*))
 *(.fini_array*)
 .fini_array    0x0800746c        0x4 C:/ST/STM32CubeIDE_2.1.0/STM32CubeIDE/plugins/com.st.stm32cube.ide.mcu.externaltools.gnu-tools-for-stm32.14.3.rel1.win32_1.0.100.202602081740/tools/bin/../lib/gcc/arm-none-eabi/14.3.1/thumb/v7e-m+fp/hard/crtbegin.o
                [!provide]                        PROVIDE (__fini_array_end = .)
                0x08007470                        . = ALIGN (0x4)
                0x08007470                        _siccmram = LOADADDR (.ccmram)

.rel.dyn        0x08007470        0x0
 .rel.iplt      0x08007470        0x0 C:/ST/STM32CubeIDE_2.1.0/STM32CubeIDE/plugins/com.st.stm32cube.ide.mcu.externaltools.gnu-tools-for-stm32.14.3.rel1.win32_1.0.100.202602081740/tools/bin/../lib/gcc/arm-none-eabi/14.3.1/thumb/v7e-m+fp/hard/crtbegin.o

.ccmram         0x10000000        0x0 load address 0x08007470
                0x10000000                        . = ALIGN (0x4)
                0x10000000                        _sccmram = .
 *(.ccmram)
 *(.ccmram*)
                0x10000000                        . = ALIGN (0x4)
                0x10000000                        _eccmram = .
                0x08007470                        _sidata = LOADADDR (.data)

.data           0x20000000       0x6c load address 0x08007470
                0x20000000                        . = ALIGN (0x4)
                0x20000000                        _sdata = .
 *(.data)
 *(.data*)
 .data.SystemCoreClock
                0x20000000        0x4 cmake/stm32cubemx/CMakeFiles/STM32_Drivers.dir/__/__/Core/Src/system_stm32f4xx.c.obj
                0x20000000                SystemCoreClock
 .data.uwTickPrio
                0x20000004        0x4 cmake/stm32cubemx/CMakeFiles/STM32_Drivers.dir/__/__/Drivers/STM32F4xx_HAL_Driver/Src/stm32f4xx_hal.c.obj
                0x20000004                uwTickPrio
 .data.uwTickFreq
                0x20000008        0x1 cmake/stm32cubemx/CMakeFiles/STM32_Drivers.dir/__/__/Drivers/STM32F4xx_HAL_Driver/Src/stm32f4xx_hal.c.obj
                0x20000008                uwTickFreq
 *fill*         0x20000009        0x3 
 .data.presion_nivel_mar
                0x2000000c        0x4 CMakeFiles/CV_solido_2026.dir/Core/Src/main.c.obj
                0x2000000c                presion_nivel_mar
 .data.__sglue  0x20000010        0xc C:/ST/STM32CubeIDE_2.1.0/STM32CubeIDE/plugins/com.st.stm32cube.ide.mcu.externaltools.gnu-tools-for-stm32.14.3.rel1.win32_1.0.100.202602081740/tools/bin/../lib/gcc/arm-none-eabi/14.3.1/../../../../arm-none-eabi/lib/thumb/v7e-m+fp/hard\libg_nano.a(libc_a-findfp.o)
                0x20000010                __sglue
 .data._impure_ptr
                0x2000001c        0x4 C:/ST/STM32CubeIDE_2.1.0/STM32CubeIDE/plugins/com.st.stm32cube.ide.mcu.externaltools.gnu-tools-for-stm32.14.3.rel1.win32_1.0.100.202602081740/tools/bin/../lib/gcc/arm-none-eabi/14.3.1/../../../../arm-none-eabi/lib/thumb/v7e-m+fp/hard\libg_nano.a(libc_a-impure.o)
                0x2000001c                _impure_ptr
 .data._impure_data
                0x20000020       0x4c C:/ST/STM32CubeIDE_2.1.0/STM32CubeIDE/plugins/com.st.stm32cube.ide.mcu.externaltools.gnu-tools-for-stm32.14.3.rel1.win32_1.0.100.202602081740/tools/bin/../lib/gcc/arm-none-eabi/14.3.1/../../../../arm-none-eabi/lib/thumb/v7e-m+fp/hard\libg_nano.a(libc_a-impure.o)
                0x20000020                _impure_data
 *(.RamFunc)
 *(.RamFunc*)
                0x2000006c                        . = ALIGN (0x4)

.igot.plt       0x2000006c        0x0 load address 0x080074dc
 .igot.plt      0x2000006c        0x0 C:/ST/STM32CubeIDE_2.1.0/STM32CubeIDE/plugins/com.st.stm32cube.ide.mcu.externaltools.gnu-tools-for-stm32.14.3.rel1.win32_1.0.100.202602081740/tools/bin/../lib/gcc/arm-none-eabi/14.3.1/thumb/v7e-m+fp/hard/crtbegin.o

.tdata          0x2000006c        0x0 load address 0x080074dc
 *(.tdata .tdata.* .gnu.linkonce.td.*)
                0x2000006c                        . = ALIGN (0x4)
                0x2000006c                        _edata = .
                [!provide]                        PROVIDE (__data_end = .)
                [!provide]                        PROVIDE (__tdata_end = .)
                [!provide]                        PROVIDE (__tdata_start = ADDR (.tdata))
                [!provide]                        PROVIDE (__tdata_size = (__tdata_end - __tdata_start))
                [!provide]                        PROVIDE (__data_start = ADDR (.data))
                [!provide]                        PROVIDE (__data_size = (__data_end - __data_start))
                [!provide]                        PROVIDE (__tdata_source = LOADADDR (.tdata))
                [!provide]                        PROVIDE (__tdata_source_end = (LOADADDR (.tdata) + SIZEOF (.tdata)))
                [!provide]                        PROVIDE (__tdata_source_size = (__tdata_source_end - __tdata_source))
                [!provide]                        PROVIDE (__data_source = LOADADDR (.data))
                [!provide]                        PROVIDE (__data_source_end = __tdata_source_end)
                [!provide]                        PROVIDE (__data_source_size = (__data_source_end - __data_source))

.tbss           0x2000006c        0x0 load address 0x080074dc
                0x2000006c                        _sbss = .
                0x2000006c                        __bss_start__ = _sbss
 *(.tbss .tbss.*)
                0x2000006c                        . = ALIGN (0x4)
                [!provide]                        PROVIDE (__tbss_end = .)
                [!provide]                        PROVIDE (__tbss_start = ADDR (.tbss))
                [!provide]                        PROVIDE (__tbss_size = (__tbss_end - __tbss_start))
                [!provide]                        PROVIDE (__tbss_offset = (ADDR (.tbss) - ADDR (.tdata)))
                [!provide]                        PROVIDE (__tls_base = __tdata_start)
                [!provide]                        PROVIDE (__tls_end = __tbss_end)
                [!provide]                        PROVIDE (__tls_size = (__tls_end - __tls_base))
                [!provide]                        PROVIDE (__tls_align = MAX (ALIGNOF (.tdata), ALIGNOF (.tbss)))
                [!provide]                        PROVIDE (__tls_size_align = (((__tls_size + __tls_align) - 0x1) & ~ ((__tls_align - 0x1))))
                [!provide]                        PROVIDE (__arm32_tls_tcb_offset = MAX (0x8, __tls_align))
                [!provide]                        PROVIDE (__arm64_tls_tcb_offset = MAX (0x10, __tls_align))

.bss            0x2000006c      0x458 load address 0x080074dc
 *(.bss)
 .bss           0x2000006c       0x1c C:/ST/STM32CubeIDE_2.1.0/STM32CubeIDE/plugins/com.st.stm32cube.ide.mcu.externaltools.gnu-tools-for-stm32.14.3.rel1.win32_1.0.100.202602081740/tools/bin/../lib/gcc/arm-none-eabi/14.3.1/thumb/v7e-m+fp/hard/crtbegin.o
 *(.bss*)
 .bss.uwTick    0x20000088        0x4 cmake/stm32cubemx/CMakeFiles/STM32_Drivers.dir/__/__/Drivers/STM32F4xx_HAL_Driver/Src/stm32f4xx_hal.c.obj
                0x20000088                uwTick
 .bss.hadc1     0x2000008c       0x48 CMakeFiles/CV_solido_2026.dir/Core/Src/main.c.obj
                0x2000008c                hadc1
 .bss.hadc2     0x200000d4       0x48 CMakeFiles/CV_solido_2026.dir/Core/Src/main.c.obj
                0x200000d4                hadc2
 .bss.hcan1     0x2000011c       0x28 CMakeFiles/CV_solido_2026.dir/Core/Src/main.c.obj
                0x2000011c                hcan1
 .bss.hcan2     0x20000144       0x28 CMakeFiles/CV_solido_2026.dir/Core/Src/main.c.obj
                0x20000144                hcan2
 .bss.hi2c1     0x2000016c       0x54 CMakeFiles/CV_solido_2026.dir/Core/Src/main.c.obj
                0x2000016c                hi2c1
 .bss.hi2c2     0x200001c0       0x54 CMakeFiles/CV_solido_2026.dir/Core/Src/main.c.obj
                0x200001c0                hi2c2
 .bss.hspi1     0x20000214       0x58 CMakeFiles/CV_solido_2026.dir/Core/Src/main.c.obj
                0x20000214                hspi1
 .bss.huart1    0x2000026c       0x48 CMakeFiles/CV_solido_2026.dir/Core/Src/main.c.obj
                0x2000026c                huart1
 .bss.huart6    0x200002b4       0x48 CMakeFiles/CV_solido_2026.dir/Core/Src/main.c.obj
                0x200002b4                huart6
 .bss.temperatura
                0x200002fc        0x4 CMakeFiles/CV_solido_2026.dir/Core/Src/main.c.obj
                0x200002fc                temperatura
 .bss.presion   0x20000300        0x4 CMakeFiles/CV_solido_2026.dir/Core/Src/main.c.obj
                0x20000300                presion
 .bss.altura    0x20000304        0x4 CMakeFiles/CV_solido_2026.dir/Core/Src/main.c.obj
                0x20000304                altura
 .bss.presion_acumulacion
                0x20000308        0x4 CMakeFiles/CV_solido_2026.dir/Core/Src/main.c.obj
                0x20000308                presion_acumulacion
 .bss.presion_calibrada_suelo
                0x2000030c        0x4 CMakeFiles/CV_solido_2026.dir/Core/Src/main.c.obj
                0x2000030c                presion_calibrada_suelo
 .bss.cont_calibracion_bmp
                0x20000310        0x4 CMakeFiles/CV_solido_2026.dir/Core/Src/main.c.obj
                0x20000310                cont_calibracion_bmp
 .bss.altura_nivel_mar
                0x20000314        0x4 CMakeFiles/CV_solido_2026.dir/Core/Src/main.c.obj
                0x20000314                altura_nivel_mar
 .bss.altura_maxima
                0x20000318        0x4 CMakeFiles/CV_solido_2026.dir/Core/Src/main.c.obj
                0x20000318                altura_maxima
 .bss.tiempo_canal_etapa_1
                0x2000031c        0x4 CMakeFiles/CV_solido_2026.dir/Core/Src/main.c.obj
                0x2000031c                tiempo_canal_etapa_1
 .bss.tiempo_canal_etapa_2
                0x20000320        0x4 CMakeFiles/CV_solido_2026.dir/Core/Src/main.c.obj
                0x20000320                tiempo_canal_etapa_2
 .bss.estado    0x20000324        0x1 CMakeFiles/CV_solido_2026.dir/Core/Src/main.c.obj
                0x20000324                estado
 *fill*         0x20000325        0x3 
 .bss.bmp280    0x20000328       0x40 CMakeFiles/CV_solido_2026.dir/Core/Src/main.c.obj
                0x20000328                bmp280
 .bss.parametro_bmp280
                0x20000368        0x6 CMakeFiles/CV_solido_2026.dir/Core/Src/main.c.obj
                0x20000368                parametro_bmp280
 *fill*         0x2000036e        0x2 
 .bss.HAL_RCC_CAN1_CLK_ENABLED
                0x20000370        0x4 CMakeFiles/CV_solido_2026.dir/Core/Src/stm32f4xx_hal_msp.c.obj
 .bss.__sbrk_heap_end
                0x20000374        0x4 CMakeFiles/CV_solido_2026.dir/Core/Src/sysmem.c.obj
 .bss.__sf      0x20000378      0x138 C:/ST/STM32CubeIDE_2.1.0/STM32CubeIDE/plugins/com.st.stm32cube.ide.mcu.externaltools.gnu-tools-for-stm32.14.3.rel1.win32_1.0.100.202602081740/tools/bin/../lib/gcc/arm-none-eabi/14.3.1/../../../../arm-none-eabi/lib/thumb/v7e-m+fp/hard\libg_nano.a(libc_a-findfp.o)
                0x20000378                __sf
 .bss.__stdio_exit_handler
                0x200004b0        0x4 C:/ST/STM32CubeIDE_2.1.0/STM32CubeIDE/plugins/com.st.stm32cube.ide.mcu.externaltools.gnu-tools-for-stm32.14.3.rel1.win32_1.0.100.202602081740/tools/bin/../lib/gcc/arm-none-eabi/14.3.1/../../../../arm-none-eabi/lib/thumb/v7e-m+fp/hard\libg_nano.a(libc_a-findfp.o)
                0x200004b0                __stdio_exit_handler
 .bss.errno     0x200004b4        0x4 C:/ST/STM32CubeIDE_2.1.0/STM32CubeIDE/plugins/com.st.stm32cube.ide.mcu.externaltools.gnu-tools-for-stm32.14.3.rel1.win32_1.0.100.202602081740/tools/bin/../lib/gcc/arm-none-eabi/14.3.1/../../../../arm-none-eabi/lib/thumb/v7e-m+fp/hard\libg_nano.a(libc_a-reent.o)
                0x200004b4                errno
 .bss.__lock___malloc_recursive_mutex
                0x200004b8        0x1 C:/ST/STM32CubeIDE_2.1.0/STM32CubeIDE/plugins/com.st.stm32cube.ide.mcu.externaltools.gnu-tools-for-stm32.14.3.rel1.win32_1.0.100.202602081740/tools/bin/../lib/gcc/arm-none-eabi/14.3.1/../../../../arm-none-eabi/lib/thumb/v7e-m+fp/hard\libg_nano.a(libc_a-lock.o)
                0x200004b8                __lock___malloc_recursive_mutex
 .bss.__lock___sfp_recursive_mutex
                0x200004b9        0x1 C:/ST/STM32CubeIDE_2.1.0/STM32CubeIDE/plugins/com.st.stm32cube.ide.mcu.externaltools.gnu-tools-for-stm32.14.3.rel1.win32_1.0.100.202602081740/tools/bin/../lib/gcc/arm-none-eabi/14.3.1/../../../../arm-none-eabi/lib/thumb/v7e-m+fp/hard\libg_nano.a(libc_a-lock.o)
                0x200004b9                __lock___sfp_recursive_mutex
 *fill*         0x200004ba        0x2 
 .bss.__malloc_sbrk_start
                0x200004bc        0x4 C:/ST/STM32CubeIDE_2.1.0/STM32CubeIDE/plugins/com.st.stm32cube.ide.mcu.externaltools.gnu-tools-for-stm32.14.3.rel1.win32_1.0.100.202602081740/tools/bin/../lib/gcc/arm-none-eabi/14.3.1/../../../../arm-none-eabi/lib/thumb/v7e-m+fp/hard\libg_nano.a(libc_a-mallocr.o)
                0x200004bc                __malloc_sbrk_start
 .bss.__malloc_free_list
                0x200004c0        0x4 C:/ST/STM32CubeIDE_2.1.0/STM32CubeIDE/plugins/com.st.stm32cube.ide.mcu.externaltools.gnu-tools-for-stm32.14.3.rel1.win32_1.0.100.202602081740/tools/bin/../lib/gcc/arm-none-eabi/14.3.1/../../../../arm-none-eabi/lib/thumb/v7e-m+fp/hard\libg_nano.a(libc_a-mallocr.o)
                0x200004c0                __malloc_free_list
 *(COMMON)
                0x200004c4                        . = ALIGN (0x4)
                0x200004c4                        _ebss = .
                0x200004c4                        __bss_end__ = _ebss
                [!provide]                        PROVIDE (__bss_end = .)
                [!provide]                        PROVIDE (__non_tls_bss_start = ADDR (.bss))
                [!provide]                        PROVIDE (__bss_start = __tbss_start)
                [!provide]                        PROVIDE (__bss_size = (__bss_end - __bss_start))

._user_heap_stack
                0x200004c4      0x604 load address 0x080074dc
                0x200004c8                        . = ALIGN (0x8)
 *fill*         0x200004c4        0x4 
                [!provide]                        PROVIDE (end = .)
                0x200004c8                        PROVIDE (_end = .)
                0x200006c8                        . = (. + _Min_Heap_Size)
 *fill*         0x200004c8      0x200 
                0x20000ac8                        . = (. + _Min_Stack_Size)
 *fill*         0x200006c8      0x400 
                0x20000ac8                        . = ALIGN (0x8)

/DISCARD/
 libc.a:*(*)
 libm.a:*(*)
 libgcc.a:*(*)
OUTPUT(CV_solido_2026.elf elf32-littlearm)
LOAD linker stubs

.ARM.attributes
                0x00000000       0x30
 .ARM.attributes
                0x00000000       0x22 C:/ST/STM32CubeIDE_2.1.0/STM32CubeIDE/plugins/com.st.stm32cube.ide.mcu.externaltools.gnu-tools-for-stm32.14.3.rel1.win32_1.0.100.202602081740/tools/bin/../lib/gcc/arm-none-eabi/14.3.1/thumb/v7e-m+fp/hard/crti.o
 .ARM.attributes
                0x00000022       0x34 C:/ST/STM32CubeIDE_2.1.0/STM32CubeIDE/plugins/com.st.stm32cube.ide.mcu.externaltools.gnu-tools-for-stm32.14.3.rel1.win32_1.0.100.202602081740/tools/bin/../lib/gcc/arm-none-eabi/14.3.1/thumb/v7e-m+fp/hard/crtbegin.o
 .ARM.attributes
                0x00000056       0x34 cmake/stm32cubemx/CMakeFiles/STM32_Drivers.dir/__/__/Core/Src/system_stm32f4xx.c.obj
 .ARM.attributes
                0x0000008a       0x34 cmake/stm32cubemx/CMakeFiles/STM32_Drivers.dir/__/__/Drivers/STM32F4xx_HAL_Driver/Src/stm32f4xx_hal_adc.c.obj
 .ARM.attributes
                0x000000be       0x34 cmake/stm32cubemx/CMakeFiles/STM32_Drivers.dir/__/__/Drivers/STM32F4xx_HAL_Driver/Src/stm32f4xx_hal_rcc.c.obj
 .ARM.attributes
                0x000000f2       0x34 cmake/stm32cubemx/CMakeFiles/STM32_Drivers.dir/__/__/Drivers/STM32F4xx_HAL_Driver/Src/stm32f4xx_hal_gpio.c.obj
 .ARM.attributes
                0x00000126       0x34 cmake/stm32cubemx/CMakeFiles/STM32_Drivers.dir/__/__/Drivers/STM32F4xx_HAL_Driver/Src/stm32f4xx_hal_cortex.c.obj
 .ARM.attributes
                0x0000015a       0x34 cmake/stm32cubemx/CMakeFiles/STM32_Drivers.dir/__/__/Drivers/STM32F4xx_HAL_Driver/Src/stm32f4xx_hal.c.obj
 .ARM.attributes
                0x0000018e       0x34 cmake/stm32cubemx/CMakeFiles/STM32_Drivers.dir/__/__/Drivers/STM32F4xx_HAL_Driver/Src/stm32f4xx_hal_can.c.obj
 .ARM.attributes
                0x000001c2       0x34 cmake/stm32cubemx/CMakeFiles/STM32_Drivers.dir/__/__/Drivers/STM32F4xx_HAL_Driver/Src/stm32f4xx_hal_i2c.c.obj
 .ARM.attributes
                0x000001f6       0x34 cmake/stm32cubemx/CMakeFiles/STM32_Drivers.dir/__/__/Drivers/STM32F4xx_HAL_Driver/Src/stm32f4xx_hal_spi.c.obj
 .ARM.attributes
                0x0000022a       0x34 cmake/stm32cubemx/CMakeFiles/STM32_Drivers.dir/__/__/Drivers/STM32F4xx_HAL_Driver/Src/stm32f4xx_hal_uart.c.obj
 .ARM.attributes
                0x0000025e       0x34 CMakeFiles/CV_solido_2026.dir/Core/Src/main.c.obj
 .ARM.attributes
                0x00000292       0x34 CMakeFiles/CV_solido_2026.dir/Core/Src/stm32f4xx_it.c.obj
 .ARM.attributes
                0x000002c6       0x34 CMakeFiles/CV_solido_2026.dir/Core/Src/stm32f4xx_hal_msp.c.obj
 .ARM.attributes
                0x000002fa       0x34 CMakeFiles/CV_solido_2026.dir/Core/Src/sysmem.c.obj
 .ARM.attributes
                0x0000032e       0x34 CMakeFiles/CV_solido_2026.dir/Core/Src/syscalls.c.obj
 .ARM.attributes
                0x00000362       0x21 CMakeFiles/CV_solido_2026.dir/startup_stm32f405xx.s.obj
 .ARM.attributes
                0x00000383       0x34 CMakeFiles/CV_solido_2026.dir/Core/Src/bmp280.c.obj
 .ARM.attributes
                0x000003b7       0x34 C:/ST/STM32CubeIDE_2.1.0/STM32CubeIDE/plugins/com.st.stm32cube.ide.mcu.externaltools.gnu-tools-for-stm32.14.3.rel1.win32_1.0.100.202602081740/tools/bin/../lib/gcc/arm-none-eabi/14.3.1/../../../../arm-none-eabi/lib/thumb/v7e-m+fp/hard\libm.a(libm_a-wf_pow.o)
 .ARM.attributes
                0x000003eb       0x34 C:/ST/STM32CubeIDE_2.1.0/STM32CubeIDE/plugins/com.st.stm32cube.ide.mcu.externaltools.gnu-tools-for-stm32.14.3.rel1.win32_1.0.100.202602081740/tools/bin/../lib/gcc/arm-none-eabi/14.3.1/../../../../arm-none-eabi/lib/thumb/v7e-m+fp/hard\libm.a(libm_a-sf_finite.o)
 .ARM.attributes
                0x0000041f       0x34 C:/ST/STM32CubeIDE_2.1.0/STM32CubeIDE/plugins/com.st.stm32cube.ide.mcu.externaltools.gnu-tools-for-stm32.14.3.rel1.win32_1.0.100.202602081740/tools/bin/../lib/gcc/arm-none-eabi/14.3.1/../../../../arm-none-eabi/lib/thumb/v7e-m+fp/hard\libm.a(libm_a-ef_pow.o)
 .ARM.attributes
                0x00000453       0x34 C:/ST/STM32CubeIDE_2.1.0/STM32CubeIDE/plugins/com.st.stm32cube.ide.mcu.externaltools.gnu-tools-for-stm32.14.3.rel1.win32_1.0.100.202602081740/tools/bin/../lib/gcc/arm-none-eabi/14.3.1/../../../../arm-none-eabi/lib/thumb/v7e-m+fp/hard\libm.a(libm_a-sf_fabs.o)
 .ARM.attributes
                0x00000487       0x34 C:/ST/STM32CubeIDE_2.1.0/STM32CubeIDE/plugins/com.st.stm32cube.ide.mcu.externaltools.gnu-tools-for-stm32.14.3.rel1.win32_1.0.100.202602081740/tools/bin/../lib/gcc/arm-none-eabi/14.3.1/../../../../arm-none-eabi/lib/thumb/v7e-m+fp/hard\libm.a(libm_a-sf_scalbn.o)
 .ARM.attributes
                0x000004bb       0x34 C:/ST/STM32CubeIDE_2.1.0/STM32CubeIDE/plugins/com.st.stm32cube.ide.mcu.externaltools.gnu-tools-for-stm32.14.3.rel1.win32_1.0.100.202602081740/tools/bin/../lib/gcc/arm-none-eabi/14.3.1/../../../../arm-none-eabi/lib/thumb/v7e-m+fp/hard\libm.a(libm_a-math_errf.o)
 .ARM.attributes
                0x000004ef       0x34 C:/ST/STM32CubeIDE_2.1.0/STM32CubeIDE/plugins/com.st.stm32cube.ide.mcu.externaltools.gnu-tools-for-stm32.14.3.rel1.win32_1.0.100.202602081740/tools/bin/../lib/gcc/arm-none-eabi/14.3.1/../../../../arm-none-eabi/lib/thumb/v7e-m+fp/hard\libm.a(libm_a-ef_sqrt.o)
 .ARM.attributes
                0x00000523       0x22 C:/ST/STM32CubeIDE_2.1.0/STM32CubeIDE/plugins/com.st.stm32cube.ide.mcu.externaltools.gnu-tools-for-stm32.14.3.rel1.win32_1.0.100.202602081740/tools/bin/../lib/gcc/arm-none-eabi/14.3.1/thumb/v7e-m+fp/hard\libgcc.a(_aeabi_ldivmod.o)
 .ARM.attributes
                0x00000545       0x22 C:/ST/STM32CubeIDE_2.1.0/STM32CubeIDE/plugins/com.st.stm32cube.ide.mcu.externaltools.gnu-tools-for-stm32.14.3.rel1.win32_1.0.100.202602081740/tools/bin/../lib/gcc/arm-none-eabi/14.3.1/thumb/v7e-m+fp/hard\libgcc.a(_aeabi_uldivmod.o)
 .ARM.attributes
                0x00000567       0x34 C:/ST/STM32CubeIDE_2.1.0/STM32CubeIDE/plugins/com.st.stm32cube.ide.mcu.externaltools.gnu-tools-for-stm32.14.3.rel1.win32_1.0.100.202602081740/tools/bin/../lib/gcc/arm-none-eabi/14.3.1/thumb/v7e-m+fp/hard\libgcc.a(_udivmoddi4.o)
 .ARM.attributes
                0x0000059b       0x22 C:/ST/STM32CubeIDE_2.1.0/STM32CubeIDE/plugins/com.st.stm32cube.ide.mcu.externaltools.gnu-tools-for-stm32.14.3.rel1.win32_1.0.100.202602081740/tools/bin/../lib/gcc/arm-none-eabi/14.3.1/thumb/v7e-m+fp/hard\libgcc.a(_dvmd_tls.o)
 .ARM.attributes
                0x000005bd       0x34 C:/ST/STM32CubeIDE_2.1.0/STM32CubeIDE/plugins/com.st.stm32cube.ide.mcu.externaltools.gnu-tools-for-stm32.14.3.rel1.win32_1.0.100.202602081740/tools/bin/../lib/gcc/arm-none-eabi/14.3.1/../../../../arm-none-eabi/lib/thumb/v7e-m+fp/hard\libg_nano.a(libc_a-findfp.o)
 .ARM.attributes
                0x000005f1       0x34 C:/ST/STM32CubeIDE_2.1.0/STM32CubeIDE/plugins/com.st.stm32cube.ide.mcu.externaltools.gnu-tools-for-stm32.14.3.rel1.win32_1.0.100.202602081740/tools/bin/../lib/gcc/arm-none-eabi/14.3.1/../../../../arm-none-eabi/lib/thumb/v7e-m+fp/hard\libg_nano.a(libc_a-fwalk.o)
 .ARM.attributes
                0x00000625       0x34 C:/ST/STM32CubeIDE_2.1.0/STM32CubeIDE/plugins/com.st.stm32cube.ide.mcu.externaltools.gnu-tools-for-stm32.14.3.rel1.win32_1.0.100.202602081740/tools/bin/../lib/gcc/arm-none-eabi/14.3.1/../../../../arm-none-eabi/lib/thumb/v7e-m+fp/hard\libg_nano.a(libc_a-puts.o)
 .ARM.attributes
                0x00000659       0x34 C:/ST/STM32CubeIDE_2.1.0/STM32CubeIDE/plugins/com.st.stm32cube.ide.mcu.externaltools.gnu-tools-for-stm32.14.3.rel1.win32_1.0.100.202602081740/tools/bin/../lib/gcc/arm-none-eabi/14.3.1/../../../../arm-none-eabi/lib/thumb/v7e-m+fp/hard\libg_nano.a(libc_a-stdio.o)
 .ARM.attributes
                0x0000068d       0x34 C:/ST/STM32CubeIDE_2.1.0/STM32CubeIDE/plugins/com.st.stm32cube.ide.mcu.externaltools.gnu-tools-for-stm32.14.3.rel1.win32_1.0.100.202602081740/tools/bin/../lib/gcc/arm-none-eabi/14.3.1/../../../../arm-none-eabi/lib/thumb/v7e-m+fp/hard\libg_nano.a(libc_a-wbuf.o)
 .ARM.attributes
                0x000006c1       0x34 C:/ST/STM32CubeIDE_2.1.0/STM32CubeIDE/plugins/com.st.stm32cube.ide.mcu.externaltools.gnu-tools-for-stm32.14.3.rel1.win32_1.0.100.202602081740/tools/bin/../lib/gcc/arm-none-eabi/14.3.1/../../../../arm-none-eabi/lib/thumb/v7e-m+fp/hard\libg_nano.a(libc_a-wsetup.o)
 .ARM.attributes
                0x000006f5       0x34 C:/ST/STM32CubeIDE_2.1.0/STM32CubeIDE/plugins/com.st.stm32cube.ide.mcu.externaltools.gnu-tools-for-stm32.14.3.rel1.win32_1.0.100.202602081740/tools/bin/../lib/gcc/arm-none-eabi/14.3.1/../../../../arm-none-eabi/lib/thumb/v7e-m+fp/hard\libg_nano.a(libc_a-memset.o)
 .ARM.attributes
                0x00000729       0x34 C:/ST/STM32CubeIDE_2.1.0/STM32CubeIDE/plugins/com.st.stm32cube.ide.mcu.externaltools.gnu-tools-for-stm32.14.3.rel1.win32_1.0.100.202602081740/tools/bin/../lib/gcc/arm-none-eabi/14.3.1/../../../../arm-none-eabi/lib/thumb/v7e-m+fp/hard\libg_nano.a(libc_a-closer.o)
 .ARM.attributes
                0x0000075d       0x34 C:/ST/STM32CubeIDE_2.1.0/STM32CubeIDE/plugins/com.st.stm32cube.ide.mcu.externaltools.gnu-tools-for-stm32.14.3.rel1.win32_1.0.100.202602081740/tools/bin/../lib/gcc/arm-none-eabi/14.3.1/../../../../arm-none-eabi/lib/thumb/v7e-m+fp/hard\libg_nano.a(libc_a-reent.o)
 .ARM.attributes
                0x00000791       0x34 C:/ST/STM32CubeIDE_2.1.0/STM32CubeIDE/plugins/com.st.stm32cube.ide.mcu.externaltools.gnu-tools-for-stm32.14.3.rel1.win32_1.0.100.202602081740/tools/bin/../lib/gcc/arm-none-eabi/14.3.1/../../../../arm-none-eabi/lib/thumb/v7e-m+fp/hard\libg_nano.a(libc_a-impure.o)
 .ARM.attributes
                0x000007c5       0x34 C:/ST/STM32CubeIDE_2.1.0/STM32CubeIDE/plugins/com.st.stm32cube.ide.mcu.externaltools.gnu-tools-for-stm32.14.3.rel1.win32_1.0.100.202602081740/tools/bin/../lib/gcc/arm-none-eabi/14.3.1/../../../../arm-none-eabi/lib/thumb/v7e-m+fp/hard\libg_nano.a(libc_a-lseekr.o)
 .ARM.attributes
                0x000007f9       0x34 C:/ST/STM32CubeIDE_2.1.0/STM32CubeIDE/plugins/com.st.stm32cube.ide.mcu.externaltools.gnu-tools-for-stm32.14.3.rel1.win32_1.0.100.202602081740/tools/bin/../lib/gcc/arm-none-eabi/14.3.1/../../../../arm-none-eabi/lib/thumb/v7e-m+fp/hard\libg_nano.a(libc_a-readr.o)
 .ARM.attributes
                0x0000082d       0x34 C:/ST/STM32CubeIDE_2.1.0/STM32CubeIDE/plugins/com.st.stm32cube.ide.mcu.externaltools.gnu-tools-for-stm32.14.3.rel1.win32_1.0.100.202602081740/tools/bin/../lib/gcc/arm-none-eabi/14.3.1/../../../../arm-none-eabi/lib/thumb/v7e-m+fp/hard\libg_nano.a(libc_a-writer.o)
 .ARM.attributes
                0x00000861       0x34 C:/ST/STM32CubeIDE_2.1.0/STM32CubeIDE/plugins/com.st.stm32cube.ide.mcu.externaltools.gnu-tools-for-stm32.14.3.rel1.win32_1.0.100.202602081740/tools/bin/../lib/gcc/arm-none-eabi/14.3.1/../../../../arm-none-eabi/lib/thumb/v7e-m+fp/hard\libg_nano.a(libc_a-errno.o)
 .ARM.attributes
                0x00000895       0x34 C:/ST/STM32CubeIDE_2.1.0/STM32CubeIDE/plugins/com.st.stm32cube.ide.mcu.externaltools.gnu-tools-for-stm32.14.3.rel1.win32_1.0.100.202602081740/tools/bin/../lib/gcc/arm-none-eabi/14.3.1/../../../../arm-none-eabi/lib/thumb/v7e-m+fp/hard\libg_nano.a(libc_a-init.o)
 .ARM.attributes
                0x000008c9       0x34 C:/ST/STM32CubeIDE_2.1.0/STM32CubeIDE/plugins/com.st.stm32cube.ide.mcu.externaltools.gnu-tools-for-stm32.14.3.rel1.win32_1.0.100.202602081740/tools/bin/../lib/gcc/arm-none-eabi/14.3.1/../../../../arm-none-eabi/lib/thumb/v7e-m+fp/hard\libg_nano.a(libc_a-lock.o)
 .ARM.attributes
                0x000008fd       0x34 C:/ST/STM32CubeIDE_2.1.0/STM32CubeIDE/plugins/com.st.stm32cube.ide.mcu.externaltools.gnu-tools-for-stm32.14.3.rel1.win32_1.0.100.202602081740/tools/bin/../lib/gcc/arm-none-eabi/14.3.1/../../../../arm-none-eabi/lib/thumb/v7e-m+fp/hard\libg_nano.a(libc_a-freer.o)
 .ARM.attributes
                0x00000931       0x34 C:/ST/STM32CubeIDE_2.1.0/STM32CubeIDE/plugins/com.st.stm32cube.ide.mcu.externaltools.gnu-tools-for-stm32.14.3.rel1.win32_1.0.100.202602081740/tools/bin/../lib/gcc/arm-none-eabi/14.3.1/../../../../arm-none-eabi/lib/thumb/v7e-m+fp/hard\libg_nano.a(libc_a-mallocr.o)
 .ARM.attributes
                0x00000965       0x34 C:/ST/STM32CubeIDE_2.1.0/STM32CubeIDE/plugins/com.st.stm32cube.ide.mcu.externaltools.gnu-tools-for-stm32.14.3.rel1.win32_1.0.100.202602081740/tools/bin/../lib/gcc/arm-none-eabi/14.3.1/../../../../arm-none-eabi/lib/thumb/v7e-m+fp/hard\libg_nano.a(libc_a-mlock.o)
 .ARM.attributes
                0x00000999       0x34 C:/ST/STM32CubeIDE_2.1.0/STM32CubeIDE/plugins/com.st.stm32cube.ide.mcu.externaltools.gnu-tools-for-stm32.14.3.rel1.win32_1.0.100.202602081740/tools/bin/../lib/gcc/arm-none-eabi/14.3.1/../../../../arm-none-eabi/lib/thumb/v7e-m+fp/hard\libg_nano.a(libc_a-fflush.o)
 .ARM.attributes
                0x000009cd       0x34 C:/ST/STM32CubeIDE_2.1.0/STM32CubeIDE/plugins/com.st.stm32cube.ide.mcu.externaltools.gnu-tools-for-stm32.14.3.rel1.win32_1.0.100.202602081740/tools/bin/../lib/gcc/arm-none-eabi/14.3.1/../../../../arm-none-eabi/lib/thumb/v7e-m+fp/hard\libg_nano.a(libc_a-makebuf.o)
 .ARM.attributes
                0x00000a01       0x34 C:/ST/STM32CubeIDE_2.1.0/STM32CubeIDE/plugins/com.st.stm32cube.ide.mcu.externaltools.gnu-tools-for-stm32.14.3.rel1.win32_1.0.100.202602081740/tools/bin/../lib/gcc/arm-none-eabi/14.3.1/../../../../arm-none-eabi/lib/thumb/v7e-m+fp/hard\libg_nano.a(libc_a-fstatr.o)
 .ARM.attributes
                0x00000a35       0x34 C:/ST/STM32CubeIDE_2.1.0/STM32CubeIDE/plugins/com.st.stm32cube.ide.mcu.externaltools.gnu-tools-for-stm32.14.3.rel1.win32_1.0.100.202602081740/tools/bin/../lib/gcc/arm-none-eabi/14.3.1/../../../../arm-none-eabi/lib/thumb/v7e-m+fp/hard\libg_nano.a(libc_a-isattyr.o)
 .ARM.attributes
                0x00000a69       0x34 C:/ST/STM32CubeIDE_2.1.0/STM32CubeIDE/plugins/com.st.stm32cube.ide.mcu.externaltools.gnu-tools-for-stm32.14.3.rel1.win32_1.0.100.202602081740/tools/bin/../lib/gcc/arm-none-eabi/14.3.1/../../../../arm-none-eabi/lib/thumb/v7e-m+fp/hard\libg_nano.a(libc_a-sbrkr.o)
 .ARM.attributes
                0x00000a9d       0x22 C:/ST/STM32CubeIDE_2.1.0/STM32CubeIDE/plugins/com.st.stm32cube.ide.mcu.externaltools.gnu-tools-for-stm32.14.3.rel1.win32_1.0.100.202602081740/tools/bin/../lib/gcc/arm-none-eabi/14.3.1/thumb/v7e-m+fp/hard/crtn.o

.comment        0x00000000       0x43
 .comment       0x00000000       0x43 cmake/stm32cubemx/CMakeFiles/STM32_Drivers.dir/__/__/Core/Src/system_stm32f4xx.c.obj
                                 0x44 (size before relaxing)
 .comment       0x00000043       0x44 cmake/stm32cubemx/CMakeFiles/STM32_Drivers.dir/__/__/Drivers/STM32F4xx_HAL_Driver/Src/stm32f4xx_hal_adc.c.obj
 .comment       0x00000043       0x44 cmake/stm32cubemx/CMakeFiles/STM32_Drivers.dir/__/__/Drivers/STM32F4xx_HAL_Driver/Src/stm32f4xx_hal_rcc.c.obj
 .comment       0x00000043       0x44 cmake/stm32cubemx/CMakeFiles/STM32_Drivers.dir/__/__/Drivers/STM32F4xx_HAL_Driver/Src/stm32f4xx_hal_gpio.c.obj
 .comment       0x00000043       0x44 cmake/stm32cubemx/CMakeFiles/STM32_Drivers.dir/__/__/Drivers/STM32F4xx_HAL_Driver/Src/stm32f4xx_hal_cortex.c.obj
 .comment       0x00000043       0x44 cmake/stm32cubemx/CMakeFiles/STM32_Drivers.dir/__/__/Drivers/STM32F4xx_HAL_Driver/Src/stm32f4xx_hal.c.obj
 .comment       0x00000043       0x44 cmake/stm32cubemx/CMakeFiles/STM32_Drivers.dir/__/__/Drivers/STM32F4xx_HAL_Driver/Src/stm32f4xx_hal_can.c.obj
 .comment       0x00000043       0x44 cmake/stm32cubemx/CMakeFiles/STM32_Drivers.dir/__/__/Drivers/STM32F4xx_HAL_Driver/Src/stm32f4xx_hal_i2c.c.obj
 .comment       0x00000043       0x44 cmake/stm32cubemx/CMakeFiles/STM32_Drivers.dir/__/__/Drivers/STM32F4xx_HAL_Driver/Src/stm32f4xx_hal_spi.c.obj
 .comment       0x00000043       0x44 cmake/stm32cubemx/CMakeFiles/STM32_Drivers.dir/__/__/Drivers/STM32F4xx_HAL_Driver/Src/stm32f4xx_hal_uart.c.obj
 .comment       0x00000043       0x44 CMakeFiles/CV_solido_2026.dir/Core/Src/main.c.obj
 .comment       0x00000043       0x44 CMakeFiles/CV_solido_2026.dir/Core/Src/stm32f4xx_it.c.obj
 .comment       0x00000043       0x44 CMakeFiles/CV_solido_2026.dir/Core/Src/stm32f4xx_hal_msp.c.obj
 .comment       0x00000043       0x44 CMakeFiles/CV_solido_2026.dir/Core/Src/sysmem.c.obj
 .comment       0x00000043       0x44 CMakeFiles/CV_solido_2026.dir/Core/Src/syscalls.c.obj
 .comment       0x00000043       0x44 CMakeFiles/CV_solido_2026.dir/Core/Src/bmp280.c.obj
 .comment       0x00000043       0x44 C:/ST/STM32CubeIDE_2.1.0/STM32CubeIDE/plugins/com.st.stm32cube.ide.mcu.externaltools.gnu-tools-for-stm32.14.3.rel1.win32_1.0.100.202602081740/tools/bin/../lib/gcc/arm-none-eabi/14.3.1/../../../../arm-none-eabi/lib/thumb/v7e-m+fp/hard\libg_nano.a(libc_a-findfp.o)
 .comment       0x00000043       0x44 C:/ST/STM32CubeIDE_2.1.0/STM32CubeIDE/plugins/com.st.stm32cube.ide.mcu.externaltools.gnu-tools-for-stm32.14.3.rel1.win32_1.0.100.202602081740/tools/bin/../lib/gcc/arm-none-eabi/14.3.1/../../../../arm-none-eabi/lib/thumb/v7e-m+fp/hard\libg_nano.a(libc_a-fwalk.o)
 .comment       0x00000043       0x44 C:/ST/STM32CubeIDE_2.1.0/STM32CubeIDE/plugins/com.st.stm32cube.ide.mcu.externaltools.gnu-tools-for-stm32.14.3.rel1.win32_1.0.100.202602081740/tools/bin/../lib/gcc/arm-none-eabi/14.3.1/../../../../arm-none-eabi/lib/thumb/v7e-m+fp/hard\libg_nano.a(libc_a-puts.o)
 .comment       0x00000043       0x44 C:/ST/STM32CubeIDE_2.1.0/STM32CubeIDE/plugins/com.st.stm32cube.ide.mcu.externaltools.gnu-tools-for-stm32.14.3.rel1.win32_1.0.100.202602081740/tools/bin/../lib/gcc/arm-none-eabi/14.3.1/../../../../arm-none-eabi/lib/thumb/v7e-m+fp/hard\libg_nano.a(libc_a-stdio.o)
 .comment       0x00000043       0x44 C:/ST/STM32CubeIDE_2.1.0/STM32CubeIDE/plugins/com.st.stm32cube.ide.mcu.externaltools.gnu-tools-for-stm32.14.3.rel1.win32_1.0.100.202602081740/tools/bin/../lib/gcc/arm-none-eabi/14.3.1/../../../../arm-none-eabi/lib/thumb/v7e-m+fp/hard\libg_nano.a(libc_a-wbuf.o)
 .comment       0x00000043       0x44 C:/ST/STM32CubeIDE_2.1.0/STM32CubeIDE/plugins/com.st.stm32cube.ide.mcu.externaltools.gnu-tools-for-stm32.14.3.rel1.win32_1.0.100.202602081740/tools/bin/../lib/gcc/arm-none-eabi/14.3.1/../../../../arm-none-eabi/lib/thumb/v7e-m+fp/hard\libg_nano.a(libc_a-wsetup.o)
 .comment       0x00000043       0x44 C:/ST/STM32CubeIDE_2.1.0/STM32CubeIDE/plugins/com.st.stm32cube.ide.mcu.externaltools.gnu-tools-for-stm32.14.3.rel1.win32_1.0.100.202602081740/tools/bin/../lib/gcc/arm-none-eabi/14.3.1/../../../../arm-none-eabi/lib/thumb/v7e-m+fp/hard\libg_nano.a(libc_a-memset.o)
 .comment       0x00000043       0x44 C:/ST/STM32CubeIDE_2.1.0/STM32CubeIDE/plugins/com.st.stm32cube.ide.mcu.externaltools.gnu-tools-for-stm32.14.3.rel1.win32_1.0.100.202602081740/tools/bin/../lib/gcc/arm-none-eabi/14.3.1/../../../../arm-none-eabi/lib/thumb/v7e-m+fp/hard\libg_nano.a(libc_a-closer.o)
 .comment       0x00000043       0x44 C:/ST/STM32CubeIDE_2.1.0/STM32CubeIDE/plugins/com.st.stm32cube.ide.mcu.externaltools.gnu-tools-for-stm32.14.3.rel1.win32_1.0.100.202602081740/tools/bin/../lib/gcc/arm-none-eabi/14.3.1/../../../../arm-none-eabi/lib/thumb/v7e-m+fp/hard\libg_nano.a(libc_a-reent.o)
 .comment       0x00000043       0x44 C:/ST/STM32CubeIDE_2.1.0/STM32CubeIDE/plugins/com.st.stm32cube.ide.mcu.externaltools.gnu-tools-for-stm32.14.3.rel1.win32_1.0.100.202602081740/tools/bin/../lib/gcc/arm-none-eabi/14.3.1/../../../../arm-none-eabi/lib/thumb/v7e-m+fp/hard\libg_nano.a(libc_a-impure.o)
 .comment       0x00000043       0x44 C:/ST/STM32CubeIDE_2.1.0/STM32CubeIDE/plugins/com.st.stm32cube.ide.mcu.externaltools.gnu-tools-for-stm32.14.3.rel1.win32_1.0.100.202602081740/tools/bin/../lib/gcc/arm-none-eabi/14.3.1/../../../../arm-none-eabi/lib/thumb/v7e-m+fp/hard\libg_nano.a(libc_a-lseekr.o)
 .comment       0x00000043       0x44 C:/ST/STM32CubeIDE_2.1.0/STM32CubeIDE/plugins/com.st.stm32cube.ide.mcu.externaltools.gnu-tools-for-stm32.14.3.rel1.win32_1.0.100.202602081740/tools/bin/../lib/gcc/arm-none-eabi/14.3.1/../../../../arm-none-eabi/lib/thumb/v7e-m+fp/hard\libg_nano.a(libc_a-readr.o)
 .comment       0x00000043       0x44 C:/ST/STM32CubeIDE_2.1.0/STM32CubeIDE/plugins/com.st.stm32cube.ide.mcu.externaltools.gnu-tools-for-stm32.14.3.rel1.win32_1.0.100.202602081740/tools/bin/../lib/gcc/arm-none-eabi/14.3.1/../../../../arm-none-eabi/lib/thumb/v7e-m+fp/hard\libg_nano.a(libc_a-writer.o)
 .comment       0x00000043       0x44 C:/ST/STM32CubeIDE_2.1.0/STM32CubeIDE/plugins/com.st.stm32cube.ide.mcu.externaltools.gnu-tools-for-stm32.14.3.rel1.win32_1.0.100.202602081740/tools/bin/../lib/gcc/arm-none-eabi/14.3.1/../../../../arm-none-eabi/lib/thumb/v7e-m+fp/hard\libg_nano.a(libc_a-errno.o)
 .comment       0x00000043       0x44 C:/ST/STM32CubeIDE_2.1.0/STM32CubeIDE/plugins/com.st.stm32cube.ide.mcu.externaltools.gnu-tools-for-stm32.14.3.rel1.win32_1.0.100.202602081740/tools/bin/../lib/gcc/arm-none-eabi/14.3.1/../../../../arm-none-eabi/lib/thumb/v7e-m+fp/hard\libg_nano.a(libc_a-init.o)
 .comment       0x00000043       0x44 C:/ST/STM32CubeIDE_2.1.0/STM32CubeIDE/plugins/com.st.stm32cube.ide.mcu.externaltools.gnu-tools-for-stm32.14.3.rel1.win32_1.0.100.202602081740/tools/bin/../lib/gcc/arm-none-eabi/14.3.1/../../../../arm-none-eabi/lib/thumb/v7e-m+fp/hard\libg_nano.a(libc_a-lock.o)
 .comment       0x00000043       0x44 C:/ST/STM32CubeIDE_2.1.0/STM32CubeIDE/plugins/com.st.stm32cube.ide.mcu.externaltools.gnu-tools-for-stm32.14.3.rel1.win32_1.0.100.202602081740/tools/bin/../lib/gcc/arm-none-eabi/14.3.1/../../../../arm-none-eabi/lib/thumb/v7e-m+fp/hard\libg_nano.a(libc_a-freer.o)
 .comment       0x00000043       0x44 C:/ST/STM32CubeIDE_2.1.0/STM32CubeIDE/plugins/com.st.stm32cube.ide.mcu.externaltools.gnu-tools-for-stm32.14.3.rel1.win32_1.0.100.202602081740/tools/bin/../lib/gcc/arm-none-eabi/14.3.1/../../../../arm-none-eabi/lib/thumb/v7e-m+fp/hard\libg_nano.a(libc_a-mallocr.o)
 .comment       0x00000043       0x44 C:/ST/STM32CubeIDE_2.1.0/STM32CubeIDE/plugins/com.st.stm32cube.ide.mcu.externaltools.gnu-tools-for-stm32.14.3.rel1.win32_1.0.100.202602081740/tools/bin/../lib/gcc/arm-none-eabi/14.3.1/../../../../arm-none-eabi/lib/thumb/v7e-m+fp/hard\libg_nano.a(libc_a-mlock.o)
 .comment       0x00000043       0x44 C:/ST/STM32CubeIDE_2.1.0/STM32CubeIDE/plugins/com.st.stm32cube.ide.mcu.externaltools.gnu-tools-for-stm32.14.3.rel1.win32_1.0.100.202602081740/tools/bin/../lib/gcc/arm-none-eabi/14.3.1/../../../../arm-none-eabi/lib/thumb/v7e-m+fp/hard\libg_nano.a(libc_a-fflush.o)
 .comment       0x00000043       0x44 C:/ST/STM32CubeIDE_2.1.0/STM32CubeIDE/plugins/com.st.stm32cube.ide.mcu.externaltools.gnu-tools-for-stm32.14.3.rel1.win32_1.0.100.202602081740/tools/bin/../lib/gcc/arm-none-eabi/14.3.1/../../../../arm-none-eabi/lib/thumb/v7e-m+fp/hard\libg_nano.a(libc_a-makebuf.o)
 .comment       0x00000043       0x44 C:/ST/STM32CubeIDE_2.1.0/STM32CubeIDE/plugins/com.st.stm32cube.ide.mcu.externaltools.gnu-tools-for-stm32.14.3.rel1.win32_1.0.100.202602081740/tools/bin/../lib/gcc/arm-none-eabi/14.3.1/../../../../arm-none-eabi/lib/thumb/v7e-m+fp/hard\libg_nano.a(libc_a-fstatr.o)
 .comment       0x00000043       0x44 C:/ST/STM32CubeIDE_2.1.0/STM32CubeIDE/plugins/com.st.stm32cube.ide.mcu.externaltools.gnu-tools-for-stm32.14.3.rel1.win32_1.0.100.202602081740/tools/bin/../lib/gcc/arm-none-eabi/14.3.1/../../../../arm-none-eabi/lib/thumb/v7e-m+fp/hard\libg_nano.a(libc_a-isattyr.o)
 .comment       0x00000043       0x44 C:/ST/STM32CubeIDE_2.1.0/STM32CubeIDE/plugins/com.st.stm32cube.ide.mcu.externaltools.gnu-tools-for-stm32.14.3.rel1.win32_1.0.100.202602081740/tools/bin/../lib/gcc/arm-none-eabi/14.3.1/../../../../arm-none-eabi/lib/thumb/v7e-m+fp/hard\libg_nano.a(libc_a-sbrkr.o)

.debug_info     0x00000000    0x1c0f6
 .debug_info    0x00000000      0x512 cmake/stm32cubemx/CMakeFiles/STM32_Drivers.dir/__/__/Core/Src/system_stm32f4xx.c.obj
 .debug_info    0x00000512      0xce3 cmake/stm32cubemx/CMakeFiles/STM32_Drivers.dir/__/__/Drivers/STM32F4xx_HAL_Driver/Src/stm32f4xx_hal_adc.c.obj
 .debug_info    0x000011f5      0x8c3 cmake/stm32cubemx/CMakeFiles/STM32_Drivers.dir/__/__/Drivers/STM32F4xx_HAL_Driver/Src/stm32f4xx_hal_rcc.c.obj
 .debug_info    0x00001ab8      0x6c3 cmake/stm32cubemx/CMakeFiles/STM32_Drivers.dir/__/__/Drivers/STM32F4xx_HAL_Driver/Src/stm32f4xx_hal_gpio.c.obj
 .debug_info    0x0000217b      0xd7a cmake/stm32cubemx/CMakeFiles/STM32_Drivers.dir/__/__/Drivers/STM32F4xx_HAL_Driver/Src/stm32f4xx_hal_cortex.c.obj
 .debug_info    0x00002ef5      0x932 cmake/stm32cubemx/CMakeFiles/STM32_Drivers.dir/__/__/Drivers/STM32F4xx_HAL_Driver/Src/stm32f4xx_hal.c.obj
 .debug_info    0x00003827      0xf4c cmake/stm32cubemx/CMakeFiles/STM32_Drivers.dir/__/__/Drivers/STM32F4xx_HAL_Driver/Src/stm32f4xx_hal_can.c.obj
 .debug_info    0x00004773     0x2415 cmake/stm32cubemx/CMakeFiles/STM32_Drivers.dir/__/__/Drivers/STM32F4xx_HAL_Driver/Src/stm32f4xx_hal_i2c.c.obj
 .debug_info    0x00006b88     0x1525 cmake/stm32cubemx/CMakeFiles/STM32_Drivers.dir/__/__/Drivers/STM32F4xx_HAL_Driver/Src/stm32f4xx_hal_spi.c.obj
 .debug_info    0x000080ad     0x2f4f cmake/stm32cubemx/CMakeFiles/STM32_Drivers.dir/__/__/Drivers/STM32F4xx_HAL_Driver/Src/stm32f4xx_hal_uart.c.obj
 .debug_info    0x0000affc     0x2090 CMakeFiles/CV_solido_2026.dir/Core/Src/main.c.obj
 .debug_info    0x0000d08c      0x16f CMakeFiles/CV_solido_2026.dir/Core/Src/stm32f4xx_it.c.obj
 .debug_info    0x0000d1fb     0x17b6 CMakeFiles/CV_solido_2026.dir/Core/Src/stm32f4xx_hal_msp.c.obj